Archive member included because of file (symbol)

/home/guillermo/ciaa-ide/gcc-arm-none-eabi-4_9-2015q1/bin/../lib/gcc/arm-none-eabi/4.9.3/armv7e-m/fpu/libgcc.a(_aeabi_uldivmod.o)
                              out/libs/lpc_chip_43xx/src/uart_18xx_43xx.o (__aeabi_uldivmod)
/home/guillermo/ciaa-ide/gcc-arm-none-eabi-4_9-2015q1/bin/../lib/gcc/arm-none-eabi/4.9.3/armv7e-m/fpu/libgcc.a(bpabi.o)
                              /home/guillermo/ciaa-ide/gcc-arm-none-eabi-4_9-2015q1/bin/../lib/gcc/arm-none-eabi/4.9.3/armv7e-m/fpu/libgcc.a(_aeabi_uldivmod.o) (__gnu_uldivmod_helper)
/home/guillermo/ciaa-ide/gcc-arm-none-eabi-4_9-2015q1/bin/../lib/gcc/arm-none-eabi/4.9.3/armv7e-m/fpu/libgcc.a(_dvmd_tls.o)
                              /home/guillermo/ciaa-ide/gcc-arm-none-eabi-4_9-2015q1/bin/../lib/gcc/arm-none-eabi/4.9.3/armv7e-m/fpu/libgcc.a(_aeabi_uldivmod.o) (__aeabi_ldiv0)
/home/guillermo/ciaa-ide/gcc-arm-none-eabi-4_9-2015q1/bin/../lib/gcc/arm-none-eabi/4.9.3/armv7e-m/fpu/libgcc.a(_divdi3.o)
                              /home/guillermo/ciaa-ide/gcc-arm-none-eabi-4_9-2015q1/bin/../lib/gcc/arm-none-eabi/4.9.3/armv7e-m/fpu/libgcc.a(bpabi.o) (__divdi3)
/home/guillermo/ciaa-ide/gcc-arm-none-eabi-4_9-2015q1/bin/../lib/gcc/arm-none-eabi/4.9.3/armv7e-m/fpu/libgcc.a(_udivdi3.o)
                              /home/guillermo/ciaa-ide/gcc-arm-none-eabi-4_9-2015q1/bin/../lib/gcc/arm-none-eabi/4.9.3/armv7e-m/fpu/libgcc.a(bpabi.o) (__udivdi3)
/home/guillermo/ciaa-ide/gcc-arm-none-eabi-4_9-2015q1/bin/../lib/gcc/arm-none-eabi/4.9.3/../../../../arm-none-eabi/lib/armv7e-m/fpu/libc_nano.a(lib_a-memcpy.o)
                              out/libs/lpc_chip_43xx/src/ring_buffer.o (memcpy)
/home/guillermo/ciaa-ide/gcc-arm-none-eabi-4_9-2015q1/bin/../lib/gcc/arm-none-eabi/4.9.3/../../../../arm-none-eabi/lib/armv7e-m/fpu/libc_nano.a(lib_a-memset.o)
                              out/libs/lpc_chip_43xx/src/clock_18xx_43xx.o (memset)

Allocating common symbols
Common symbol       size              file

SystemCoreClock     0x4               out/libs/lpc_chip_43xx/src/chip_18xx_43xx.o
tickCounter         0x8               out/libs/sapi/src/sapi_tick.o
tickRateMS          0x8               out/libs/sapi/src/sapi_tick.o

Discarded input sections

 .group         0x00000000        0x8 out/app/src/program.o
 .group         0x00000000        0x8 out/app/src/program.o
 .group         0x00000000        0x8 out/app/src/program.o
 .group         0x00000000        0x8 out/app/src/program.o
 .group         0x00000000        0x8 out/app/src/program.o
 .group         0x00000000        0x8 out/app/src/program.o
 .group         0x00000000        0x8 out/app/src/program.o
 .group         0x00000000        0x8 out/app/src/program.o
 .group         0x00000000        0x8 out/app/src/program.o
 .group         0x00000000        0x8 out/app/src/program.o
 .group         0x00000000        0x8 out/app/src/program.o
 .group         0x00000000        0x8 out/app/src/program.o
 .group         0x00000000        0x8 out/app/src/program.o
 .group         0x00000000        0x8 out/app/src/program.o
 .group         0x00000000        0x8 out/app/src/program.o
 .group         0x00000000        0x8 out/app/src/program.o
 .group         0x00000000        0x8 out/app/src/program.o
 .group         0x00000000        0x8 out/app/src/program.o
 .group         0x00000000        0x8 out/app/src/program.o
 .group         0x00000000        0x8 out/app/src/program.o
 .group         0x00000000        0x8 out/app/src/program.o
 .group         0x00000000        0x8 out/app/src/program.o
 .group         0x00000000        0x8 out/app/src/program.o
 .group         0x00000000        0x8 out/app/src/program.o
 .group         0x00000000        0x8 out/app/src/program.o
 .group         0x00000000        0x8 out/app/src/program.o
 .group         0x00000000        0x8 out/app/src/program.o
 .group         0x00000000        0x8 out/app/src/program.o
 .group         0x00000000        0x8 out/app/src/program.o
 .group         0x00000000        0x8 out/app/src/program.o
 .group         0x00000000        0x8 out/app/src/program.o
 .group         0x00000000        0x8 out/app/src/program.o
 .group         0x00000000        0x8 out/app/src/program.o
 .group         0x00000000        0x8 out/app/src/program.o
 .group         0x00000000        0x8 out/app/src/program.o
 .group         0x00000000        0x8 out/app/src/program.o
 .group         0x00000000        0x8 out/app/src/program.o
 .group         0x00000000        0x8 out/app/src/program.o
 .group         0x00000000        0x8 out/app/src/program.o
 .group         0x00000000        0x8 out/app/src/program.o
 .group         0x00000000        0x8 out/app/src/program.o
 .group         0x00000000        0x8 out/app/src/program.o
 .group         0x00000000        0x8 out/app/src/program.o
 .group         0x00000000        0x8 out/app/src/program.o
 .group         0x00000000        0x8 out/app/src/program.o
[...]
Memory Configuration

Name             Origin             Length             Attributes
MFlashA512       0x1a000000         0x00080000         xr
MFlashB512       0x1b000000         0x00080000         xr
RamLoc32         0x10000000         0x00008000         xrw
RamLoc40         0x10080000         0x0000a000         xrw
RamAHB32         0x20000000         0x00008000         xrw
RamAHB16         0x20008000         0x00004000         xrw
RamAHB_ETB16     0x2000c000         0x00004000         xrw
*default*        0x00000000         0xffffffff

Linker script and memory map

LOAD out/app/src/program.o
LOAD out/libs/lpc_chip_43xx/src/hsadc_18xx_43xx.o
LOAD out/libs/lpc_chip_43xx/src/gpiogroup_18xx_43xx.o
LOAD out/libs/lpc_chip_43xx/src/dac_18xx_43xx.o
LOAD out/libs/lpc_chip_43xx/src/ritimer_18xx_43xx.o
LOAD out/libs/lpc_chip_43xx/src/lcd_18xx_43xx.o
LOAD out/libs/lpc_chip_43xx/src/uart_18xx_43xx.o
LOAD out/libs/lpc_chip_43xx/src/stopwatch_18xx_43xx.o
LOAD out/libs/lpc_chip_43xx/src/sdif_18xx_43xx.o
LOAD out/libs/lpc_chip_43xx/src/chip_18xx_43xx.o
LOAD out/libs/lpc_chip_43xx/src/pmc_18xx_43xx.o
LOAD out/libs/lpc_chip_43xx/src/clock_18xx_43xx.o
LOAD out/libs/lpc_chip_43xx/src/otp_18xx_43xx.o
LOAD out/libs/lpc_chip_43xx/src/aes_18xx_43xx.o
LOAD out/libs/lpc_chip_43xx/src/atimer_18xx_43xx.o
LOAD out/libs/lpc_chip_43xx/src/i2cm_18xx_43xx.o
LOAD out/libs/lpc_chip_43xx/src/iap_18xx_43xx.o
LOAD out/libs/lpc_chip_43xx/src/adc_18xx_43xx.o
LOAD out/libs/lpc_chip_43xx/src/timer_18xx_43xx.o
LOAD out/libs/lpc_chip_43xx/src/ring_buffer.o
LOAD out/libs/lpc_chip_43xx/src/enet_18xx_43xx.o
LOAD out/libs/lpc_chip_43xx/src/pinint_18xx_43xx.o
LOAD out/libs/lpc_chip_43xx/src/sdio_18xx_43xx.o
LOAD out/libs/lpc_chip_43xx/src/fpu_init.o
LOAD out/libs/lpc_chip_43xx/src/eeprom_18xx_43xx.o
LOAD out/libs/lpc_chip_43xx/src/rtc_18xx_43xx.o
LOAD out/libs/lpc_chip_43xx/src/sct_18xx_43xx.o
LOAD out/libs/lpc_chip_43xx/src/emc_18xx_43xx.o
LOAD out/libs/lpc_chip_43xx/src/sdmmc_18xx_43xx.o
LOAD out/libs/lpc_chip_43xx/src/spi_18xx_43xx.o
LOAD out/libs/lpc_chip_43xx/src/gpio_18xx_43xx.o
LOAD out/libs/lpc_chip_43xx/src/wwdt_18xx_43xx.o
LOAD out/libs/lpc_chip_43xx/src/sysinit_18xx_43xx.o
LOAD out/libs/lpc_chip_43xx/src/i2s_18xx_43xx.o
LOAD out/libs/lpc_chip_43xx/src/gpdma_18xx_43xx.o
LOAD out/libs/lpc_chip_43xx/src/ccan_18xx_43xx.o
LOAD out/libs/lpc_chip_43xx/src/evrt_18xx_43xx.o
LOAD out/libs/lpc_chip_43xx/src/sct_pwm_18xx_43xx.o
LOAD out/libs/lpc_chip_43xx/src/ssp_18xx_43xx.o
LOAD out/libs/lpc_chip_43xx/src/i2c_18xx_43xx.o
LOAD out/libs/lpc_board_ciaa_edu_4337/src/board.o
LOAD out/libs/lpc_board_ciaa_edu_4337/src/crp.o
LOAD out/libs/lpc_board_ciaa_edu_4337/src/system.o
LOAD out/libs/lpc_board_ciaa_edu_4337/src/cr_startup_lpc43xx.o
LOAD out/libs/lpc_board_ciaa_edu_4337/src/sysinit.o
LOAD out/libs/lpc_board_ciaa_edu_4337/src/board_sysinit.o
LOAD out/libs/sapi/src/sapi_keypad.o
LOAD out/libs/sapi/src/sapi_sct.o
LOAD out/libs/sapi/src/sapi_dac.o
LOAD out/libs/sapi/src/sapi_hmc5883l.o
LOAD out/libs/sapi/src/sapi_sleep.o
LOAD out/libs/sapi/src/sapi_uart.o
LOAD out/libs/sapi/src/sapi_servo.o
LOAD out/libs/sapi/src/sapi_spi.o
LOAD out/libs/sapi/src/sapi_datatypes.o
LOAD out/libs/sapi/src/sapi_7_segment_display.o
LOAD out/libs/sapi/src/sapi_pwm.o
LOAD out/libs/sapi/src/sapi_delay.o
LOAD out/libs/sapi/src/sapi_rtc.o
LOAD out/libs/sapi/src/sapi_tick.o
LOAD out/libs/sapi/src/sapi_i2c.o
LOAD out/libs/sapi/src/sapi_timer.o
LOAD out/libs/sapi/src/sapi_board.o
LOAD out/libs/sapi/src/sapi_adc.o
LOAD out/libs/sapi/src/sapi_gpio.o
START GROUP
LOAD /home/guillermo/ciaa-ide/gcc-arm-none-eabi-4_9-2015q1/bin/../lib/gcc/arm-none-eabi/4.9.3/armv7e-m/fpu/libgcc.a
LOAD /home/guillermo/ciaa-ide/gcc-arm-none-eabi-4_9-2015q1/bin/../lib/gcc/arm-none-eabi/4.9.3/../../../../arm-none-eabi/lib/armv7e-m/fpu/libc_nano.a
END GROUP
START GROUP
LOAD /home/guillermo/ciaa-ide/gcc-arm-none-eabi-4_9-2015q1/bin/../lib/gcc/arm-none-eabi/4.9.3/armv7e-m/fpu/libgcc.a
LOAD /home/guillermo/ciaa-ide/gcc-arm-none-eabi-4_9-2015q1/bin/../lib/gcc/arm-none-eabi/4.9.3/../../../../arm-none-eabi/lib/armv7e-m/fpu/libc_nano.a
END GROUP
START GROUP
LOAD /home/guillermo/ciaa-ide/gcc-arm-none-eabi-4_9-2015q1/bin/../lib/gcc/arm-none-eabi/4.9.3/armv7e-m/fpu/libgcc.a
LOAD /home/guillermo/ciaa-ide/gcc-arm-none-eabi-4_9-2015q1/bin/../lib/gcc/arm-none-eabi/4.9.3/../../../../arm-none-eabi/lib/armv7e-m/fpu/libc.a
LOAD /home/guillermo/ciaa-ide/gcc-arm-none-eabi-4_9-2015q1/bin/../lib/gcc/arm-none-eabi/4.9.3/../../../../arm-none-eabi/lib/armv7e-m/fpu/libm.a
END GROUP
                0x1a080000                __top_MFlashA512 = 0x1a080000
                0x1b080000                __top_MFlashB512 = 0x1b080000
                0x10008000                __top_RamLoc32 = 0x10008000
                0x1008a000                __top_RamLoc40 = 0x1008a000
                0x20008000                __top_RamAHB32 = 0x20008000
                0x2000c000                __top_RamAHB16 = 0x2000c000
                0x20010000                __top_RamAHB_ETB16 = 0x20010000

.text_Flash2    0x1b000000        0x0
 FILL mask 0xff
 *(.text_Flash2*)
 *(.text_MFlashB512*)
 *(.text.$Flash2*)
 *(.text.$MFlashB512*)
 *(.rodata.$Flash2*)
 *(.rodata.$MFlashB512*)

.text           0x1a000000     0x1cc0
 FILL mask 0xff
                0x1a000000                __vectors_start__ = ABSOLUTE (.)
 *(.isr_vector)
 .isr_vector    0x1a000000      0x114 out/libs/lpc_board_ciaa_edu_4337/src/cr_startup_lpc43xx.o
                0x1a000000                g_pfnVectors
                0x1a000114                . = ALIGN (0x4)
                0x1a000114                __section_table_start = .
                0x1a000114                __data_section_table = .
                0x1a000114        0x4 LONG 0x1a001cc8 LOADADDR (.data)
                0x1a000118        0x4 LONG 0x10000000 ADDR (.data)
                0x1a00011c        0x4 LONG 0x68 SIZEOF (.data)
                0x1a000120        0x4 LONG 0x1a001cc8 LOADADDR (.data_RAM2)
                0x1a000124        0x4 LONG 0x10080000 ADDR (.data_RAM2)
                0x1a000128        0x4 LONG 0x0 SIZEOF (.data_RAM2)
                0x1a00012c        0x4 LONG 0x1a001cc8 LOADADDR (.data_RAM3)
                0x1a000130        0x4 LONG 0x20000000 ADDR (.data_RAM3)
                0x1a000134        0x4 LONG 0x0 SIZEOF (.data_RAM3)
                0x1a000138        0x4 LONG 0x1a001cc8 LOADADDR (.data_RAM4)
                0x1a00013c        0x4 LONG 0x20008000 ADDR (.data_RAM4)
                0x1a000140        0x4 LONG 0x0 SIZEOF (.data_RAM4)
                0x1a000144        0x4 LONG 0x1a001cc8 LOADADDR (.data_RAM5)
                0x1a000148        0x4 LONG 0x2000c000 ADDR (.data_RAM5)
                0x1a00014c        0x4 LONG 0x0 SIZEOF (.data_RAM5)
                0x1a000150                __data_section_table_end = .
                0x1a000150                __bss_section_table = .
                0x1a000150        0x4 LONG 0x10000068 ADDR (.bss)
                0x1a000154        0x4 LONG 0x20 SIZEOF (.bss)
                0x1a000158        0x4 LONG 0x10080000 ADDR (.bss_RAM2)
                0x1a00015c        0x4 LONG 0x0 SIZEOF (.bss_RAM2)
                0x1a000160        0x4 LONG 0x20000000 ADDR (.bss_RAM3)
                0x1a000164        0x4 LONG 0x0 SIZEOF (.bss_RAM3)
                0x1a000168        0x4 LONG 0x20008000 ADDR (.bss_RAM4)
                0x1a00016c        0x4 LONG 0x0 SIZEOF (.bss_RAM4)
                0x1a000170        0x4 LONG 0x2000c000 ADDR (.bss_RAM5)
                0x1a000174        0x4 LONG 0x0 SIZEOF (.bss_RAM5)
                0x1a000178                __bss_section_table_end = .
                0x1a000178                __section_table_end = .
 *(.after_vectors*)
 .after_vectors
                0x1a000178       0x58 out/libs/lpc_board_ciaa_edu_4337/src/cr_startup_lpc43xx.o
                0x1a000178                NMI_Handler
                0x1a00017c                HardFault_Handler
                0x1a000180                MemManage_Handler
                0x1a000184                BusFault_Handler
                0x1a000188                UsageFault_Handler
                0x1a00018c                SVC_Handler
                0x1a000190                DebugMon_Handler
                0x1a000194                PendSV_Handler
                0x1a00019c                RIT_IRQHandler
                0x1a00019c                ADCHS_IRQHandler
                0x1a00019c                FLASH_EEPROM_IRQHandler
                0x1a00019c                I2C0_IRQHandler
                0x1a00019c                SDIO_IRQHandler
                0x1a00019c                ATIMER_IRQHandler
                0x1a00019c                I2C1_IRQHandler
                0x1a00019c                UART1_IRQHandler
                0x1a00019c                GPIO5_IRQHandler
                0x1a00019c                CAN1_IRQHandler
                0x1a00019c                USB1_IRQHandler
                0x1a00019c                I2S0_IRQHandler
                0x1a00019c                SGPIO_IRQHandler
                0x1a00019c                ADC0_IRQHandler
                0x1a00019c                GPIO6_IRQHandler
                0x1a00019c                IntDefaultHandler
                0x1a00019c                GPIO1_IRQHandler
                0x1a00019c                SSP0_IRQHandler
                0x1a00019c                ADC1_IRQHandler
                0x1a00019c                RTC_IRQHandler
                0x1a00019c                SPI_IRQHandler
                0x1a00019c                LCD_IRQHandler
                0x1a00019c                GPIO2_IRQHandler
                0x1a00019c                I2S1_IRQHandler
                0x1a00019c                SSP1_IRQHandler
                0x1a00019c                USB0_IRQHandler
                0x1a00019c                GPIO3_IRQHandler
                0x1a00019c                SCT_IRQHandler
                0x1a00019c                WDT_IRQHandler
                0x1a00019c                GPIO7_IRQHandler
                0x1a00019c                SPIFI_IRQHandler
                0x1a00019c                QEI_IRQHandler
                0x1a00019c                ETH_IRQHandler
                0x1a00019c                CAN0_IRQHandler
                0x1a00019c                GINT0_IRQHandler
                0x1a00019c                DAC_IRQHandler
                0x1a00019c                M0SUB_IRQHandler
                0x1a00019c                GPIO0_IRQHandler
                0x1a00019c                DMA_IRQHandler
                0x1a00019c                EVRT_IRQHandler
                0x1a00019c                MCPWM_IRQHandler
                0x1a00019c                M0APP_IRQHandler
                0x1a00019c                GINT1_IRQHandler
                0x1a00019c                GPIO4_IRQHandler
                0x1a0001a0                data_init
                0x1a0001bc                bss_init
 .after_vectors
                0x1a0001d0        0x4 out/libs/sapi/src/sapi_uart.o
                0x1a0001d0                UART0_IRQHandler
                0x000002fc                . = 0x2fc
 *fill*         0x1a0001d4      0x128 ff
                0x1a0002fc                PROVIDE (__CRP_WORD_START__, .)
 *(.crp)
 .crp           0x1a0002fc        0x4 out/libs/lpc_board_ciaa_edu_4337/src/crp.o
                0x1a0002fc                CRP_WORD
                0x1a000300                PROVIDE (__CRP_WORD_END__, .)
                0x00000001                ASSERT (! ((__CRP_WORD_START__ == __CRP_WORD_END__)), Linker CRP Enabled, but no CRP_WORD provided within application)
 *(.text*)
 .text.display7SegmentWrite_
                0x1a000300       0x2c out/app/src/program.o
                0x1a000300                display7SegmentWrite_
 .text.display7SegmentPinConfig_
                0x1a00032c       0x4c out/app/src/program.o
                0x1a00032c                display7SegmentPinConfig_
 .text.mostrar  0x1a000378       0xa8 out/app/src/program.o
                0x1a000378                mostrar
 .text.main     0x1a000420       0xe4 out/app/src/program.o
                0x1a000420                main
 .text.Chip_UART_GetIndex
                0x1a000504       0x2c out/libs/lpc_chip_43xx/src/uart_18xx_43xx.o
 .text.Chip_UART_Init
                0x1a000530       0x50 out/libs/lpc_chip_43xx/src/uart_18xx_43xx.o
                0x1a000530                Chip_UART_Init
 .text.Chip_UART_SetBaudFDR
                0x1a000580       0xe4 out/libs/lpc_chip_43xx/src/uart_18xx_43xx.o
                0x1a000580                Chip_UART_SetBaudFDR
 .text.SystemCoreClockUpdate
                0x1a000664       0x14 out/libs/lpc_chip_43xx/src/chip_18xx_43xx.o
                0x1a000664                SystemCoreClockUpdate
 .text.pll_calc_divs
                0x1a000678       0xa8 out/libs/lpc_chip_43xx/src/clock_18xx_43xx.o
 .text.pll_get_frac
                0x1a000720       0xfc out/libs/lpc_chip_43xx/src/clock_18xx_43xx.o
 .text.Chip_Clock_FindBaseClock
                0x1a00081c       0x48 out/libs/lpc_chip_43xx/src/clock_18xx_43xx.o
 .text.Chip_Clock_EnableCrystal
                0x1a000864       0x4c out/libs/lpc_chip_43xx/src/clock_18xx_43xx.o
                0x1a000864                Chip_Clock_EnableCrystal
 .text.Chip_Clock_GetDividerSource
                0x1a0008b0       0x1c out/libs/lpc_chip_43xx/src/clock_18xx_43xx.o
                0x1a0008b0                Chip_Clock_GetDividerSource
 .text.Chip_Clock_GetDividerDivisor
                0x1a0008cc       0x1c out/libs/lpc_chip_43xx/src/clock_18xx_43xx.o
                0x1a0008cc                Chip_Clock_GetDividerDivisor
 .text.Chip_Clock_GetClockInputHz
                0x1a0008e8       0xb8 out/libs/lpc_chip_43xx/src/clock_18xx_43xx.o
                0x1a0008e8                Chip_Clock_GetClockInputHz
 .text.Chip_Clock_CalcMainPLLValue
                0x1a0009a0       0x80 out/libs/lpc_chip_43xx/src/clock_18xx_43xx.o
                0x1a0009a0                Chip_Clock_CalcMainPLLValue
 .text.Chip_Clock_GetMainPLLHz
                0x1a000a20       0x68 out/libs/lpc_chip_43xx/src/clock_18xx_43xx.o
                0x1a000a20                Chip_Clock_GetMainPLLHz
 .text.Chip_Clock_GetDivRate
                0x1a000a88       0x24 out/libs/lpc_chip_43xx/src/clock_18xx_43xx.o
 .text.Chip_Clock_SetBaseClock
                0x1a000aac       0x44 out/libs/lpc_chip_43xx/src/clock_18xx_43xx.o
                0x1a000aac                Chip_Clock_SetBaseClock
 .text.Chip_Clock_GetBaseClock
                0x1a000af0       0x24 out/libs/lpc_chip_43xx/src/clock_18xx_43xx.o
                0x1a000af0                Chip_Clock_GetBaseClock
 .text.Chip_Clock_GetBaseClocktHz
                0x1a000b14        0xc out/libs/lpc_chip_43xx/src/clock_18xx_43xx.o
                0x1a000b14                Chip_Clock_GetBaseClocktHz
 .text.Chip_Clock_EnableOpts
                0x1a000b20       0x3c out/libs/lpc_chip_43xx/src/clock_18xx_43xx.o
                0x1a000b20                Chip_Clock_EnableOpts
 .text.Chip_Clock_GetRate
                0x1a000b5c       0x4c out/libs/lpc_chip_43xx/src/clock_18xx_43xx.o
                0x1a000b5c                Chip_Clock_GetRate
 .text.fpuInit  0x1a000ba8       0x58 out/libs/lpc_chip_43xx/src/fpu_init.o
                0x1a000ba8                fpuInit
 .text.Chip_GPIO_Init
                0x1a000c00        0x4 out/libs/lpc_chip_43xx/src/gpio_18xx_43xx.o
                0x1a000c00                Chip_GPIO_Init
 .text.Chip_GPIO_SetDir
                0x1a000c04       0x24 out/libs/lpc_chip_43xx/src/gpio_18xx_43xx.o
                0x1a000c04                Chip_GPIO_SetDir
 .text.Chip_SetupCoreClock
                0x1a000c28      0x158 out/libs/lpc_chip_43xx/src/sysinit_18xx_43xx.o
                0x1a000c28                Chip_SetupCoreClock
 .text.Board_LED_Init
                0x1a000d80       0x40 out/libs/lpc_board_ciaa_edu_4337/src/board.o
 .text.Board_UART_Init
                0x1a000dc0       0x14 out/libs/lpc_board_ciaa_edu_4337/src/board.o
                0x1a000dc0                Board_UART_Init
 .text.Board_Debug_Init
                0x1a000dd4       0x28 out/libs/lpc_board_ciaa_edu_4337/src/board.o
                0x1a000dd4                Board_Debug_Init
 .text.Board_Init
                0x1a000dfc       0x28 out/libs/lpc_board_ciaa_edu_4337/src/board.o
                0x1a000dfc                Board_Init
 .text.ResetISR
                0x1a000e24       0x7c out/libs/lpc_board_ciaa_edu_4337/src/cr_startup_lpc43xx.o
                0x1a000e24                ResetISR
 .text.SystemInit
                0x1a000ea0        0xc out/libs/lpc_board_ciaa_edu_4337/src/sysinit.o
                0x1a000ea0                SystemInit
 .text.Board_SetupMuxing
                0x1a000eac       0x34 out/libs/lpc_board_ciaa_edu_4337/src/board_sysinit.o
                0x1a000eac                Board_SetupMuxing
 .text.Board_SetupClocking
                0x1a000ee0       0x6c out/libs/lpc_board_ciaa_edu_4337/src/board_sysinit.o
                0x1a000ee0                Board_SetupClocking
 .text.Board_SystemInit
                0x1a000f4c        0xc out/libs/lpc_board_ciaa_edu_4337/src/board_sysinit.o
                0x1a000f4c                Board_SystemInit
 .text.UART2_IRQHandler
                0x1a000f58        0x4 out/libs/sapi/src/sapi_uart.o
                0x1a000f58                UART2_IRQHandler
 .text.UART3_IRQHandler
                0x1a000f5c        0x4 out/libs/sapi/src/sapi_uart.o
                0x1a000f5c                UART3_IRQHandler
 .text.sAPI_NullFuncPtr
                0x1a000f60        0x4 out/libs/sapi/src/sapi_datatypes.o
                0x1a000f60                sAPI_NullFuncPtr
 .text.delay    0x1a000f64       0x38 out/libs/sapi/src/sapi_delay.o
                0x1a000f64                delay
 .text.delayConfig
                0x1a000f9c       0x20 out/libs/sapi/src/sapi_delay.o
                0x1a000f9c                delayConfig
 .text.delayRead
                0x1a000fbc       0x40 out/libs/sapi/src/sapi_delay.o
                0x1a000fbc                delayRead
 .text.tickConfig
                0x1a000ffc       0x78 out/libs/sapi/src/sapi_tick.o
                0x1a000ffc                tickConfig
 .text.tickRead
                0x1a001074        0xc out/libs/sapi/src/sapi_tick.o
                0x1a001074                tickRead
 .text.SysTick_Handler
                0x1a001080       0x24 out/libs/sapi/src/sapi_tick.o
                0x1a001080                SysTick_Handler
 .text.errorOcurred
                0x1a0010a4        0x4 out/libs/sapi/src/sapi_timer.o
 .text.doNothing
                0x1a0010a8        0x4 out/libs/sapi/src/sapi_timer.o
 .text.TIMER0_IRQHandler
                0x1a0010ac       0x3c out/libs/sapi/src/sapi_timer.o
                0x1a0010ac                TIMER0_IRQHandler
 .text.TIMER1_IRQHandler
                0x1a0010e8       0x3c out/libs/sapi/src/sapi_timer.o
                0x1a0010e8                TIMER1_IRQHandler
 .text.TIMER2_IRQHandler
                0x1a001124       0x40 out/libs/sapi/src/sapi_timer.o
                0x1a001124                TIMER2_IRQHandler
 .text.TIMER3_IRQHandler
                0x1a001164       0x40 out/libs/sapi/src/sapi_timer.o
                0x1a001164                TIMER3_IRQHandler
 .text.boardConfig
                0x1a0011a4       0xf0 out/libs/sapi/src/sapi_board.o
                0x1a0011a4                boardConfig
 .text.gpioObtainPinConfig
                0x1a001294       0x2c out/libs/sapi/src/sapi_gpio.o
 .text.gpioConfig
                0x1a0012c0      0x174 out/libs/sapi/src/sapi_gpio.o
                0x1a0012c0                gpioConfig
 .text.gpioWrite
                0x1a001434       0x58 out/libs/sapi/src/sapi_gpio.o
                0x1a001434                gpioWrite
 .text          0x1a00148c       0x30 /home/guillermo/ciaa-ide/gcc-arm-none-eabi-4_9-2015q1/bin/../lib/gcc/arm-none-eabi/4.9.3/armv7e-m/fpu/libgcc.a(_aeabi_uldivmod.o)
                0x1a00148c                __aeabi_uldivmod
 .text          0x1a0014bc       0x60 /home/guillermo/ciaa-ide/gcc-arm-none-eabi-4_9-2015q1/bin/../lib/gcc/arm-none-eabi/4.9.3/armv7e-m/fpu/libgcc.a(bpabi.o)
                0x1a0014bc                __gnu_ldivmod_helper
                0x1a0014ec                __gnu_uldivmod_helper
 .text          0x1a00151c        0x4 /home/guillermo/ciaa-ide/gcc-arm-none-eabi-4_9-2015q1/bin/../lib/gcc/arm-none-eabi/4.9.3/armv7e-m/fpu/libgcc.a(_dvmd_tls.o)
                0x1a00151c                __aeabi_ldiv0
                0x1a00151c                __aeabi_idiv0
 .text          0x1a001520      0x29c /home/guillermo/ciaa-ide/gcc-arm-none-eabi-4_9-2015q1/bin/../lib/gcc/arm-none-eabi/4.9.3/armv7e-m/fpu/libgcc.a(_divdi3.o)
                0x1a001520                __divdi3
 .text          0x1a0017bc      0x26c /home/guillermo/ciaa-ide/gcc-arm-none-eabi-4_9-2015q1/bin/../lib/gcc/arm-none-eabi/4.9.3/armv7e-m/fpu/libgcc.a(_udivdi3.o)
                0x1a0017bc                __udivdi3
 .text.memset   0x1a001a28       0x10 /home/guillermo/ciaa-ide/gcc-arm-none-eabi-4_9-2015q1/bin/../lib/gcc/arm-none-eabi/4.9.3/../../../../arm-none-eabi/lib/armv7e-m/fpu/libc_nano.a(lib_a-memset.o)
                0x1a001a28                memset
 *(.rodata .rodata.* .constdata .constdata.*)
 .rodata.UART_BClock
                0x1a001a38        0x8 out/libs/lpc_chip_43xx/src/uart_18xx_43xx.o
 .rodata.UART_PClock
                0x1a001a40        0x8 out/libs/lpc_chip_43xx/src/uart_18xx_43xx.o
 .rodata        0x1a001a48        0x4 out/libs/lpc_chip_43xx/src/clock_18xx_43xx.o
 .rodata.str1.4
                0x1a001a4c        0x8 out/libs/lpc_chip_43xx/src/clock_18xx_43xx.o
 .rodata.periph_to_base
                0x1a001a54       0x6c out/libs/lpc_chip_43xx/src/clock_18xx_43xx.o
 .rodata.InitClkStates
                0x1a001ac0       0x48 out/libs/lpc_chip_43xx/src/sysinit_18xx_43xx.o
 .rodata.OscRateIn
                0x1a001b08        0x4 out/libs/lpc_board_ciaa_edu_4337/src/board.o
                0x1a001b08                OscRateIn
 .rodata.ExtRateIn
                0x1a001b0c        0x4 out/libs/lpc_board_ciaa_edu_4337/src/board.o
                0x1a001b0c                ExtRateIn
 .rodata.gpioLEDBits
                0x1a001b10        0xc out/libs/lpc_board_ciaa_edu_4337/src/board.o
 .rodata.InitClkStates
                0x1a001b1c        0xc out/libs/lpc_board_ciaa_edu_4337/src/board_sysinit.o
 .rodata.pinmuxing
                0x1a001b28       0x60 out/libs/lpc_board_ciaa_edu_4337/src/board_sysinit.o
 .rodata.gpioPinsConfig
                0x1a001b88      0x138 out/libs/sapi/src/sapi_gpio.o
                0x1a001b88                gpioPinsConfig
                0x1a001cc0                . = ALIGN (0x4)

.glue_7         0x1a001cc0        0x0
 .glue_7        0x00000000        0x0 linker stubs

.glue_7t        0x1a001cc0        0x0
 .glue_7t       0x00000000        0x0 linker stubs

.vfp11_veneer   0x1a001cc0        0x0
 .vfp11_veneer  0x00000000        0x0 linker stubs

.v4_bx          0x1a001cc0        0x0
 .v4_bx         0x00000000        0x0 linker stubs

.iplt           0x1a001cc0        0x0
 .iplt          0x00000000        0x0 out/app/src/program.o

.ARM.extab
 *(.ARM.extab* .gnu.linkonce.armextab.*)
                0x1a001cc0                __exidx_start = .

.ARM.exidx      0x1a001cc0        0x8
 *(.ARM.exidx* .gnu.linkonce.armexidx.*)
 .ARM.exidx     0x1a001cc0        0x8 /home/guillermo/ciaa-ide/gcc-arm-none-eabi-4_9-2015q1/bin/../lib/gcc/arm-none-eabi/4.9.3/armv7e-m/fpu/libgcc.a(_divdi3.o)
 .ARM.exidx     0x1a001cc8        0x0 /home/guillermo/ciaa-ide/gcc-arm-none-eabi-4_9-2015q1/bin/../lib/gcc/arm-none-eabi/4.9.3/armv7e-m/fpu/libgcc.a(_udivdi3.o)
                                  0x8 (size before relaxing)
                0x1a001cc8                __exidx_end = .
                0x1a001cc8                _etext = .

.rel.dyn        0x1a001cc8        0x0
 .rel.iplt      0x00000000        0x0 out/app/src/program.o

.data_RAM2      0x10080000        0x0 load address 0x1a001cc8
 FILL mask 0xff
 *(.ramfunc.$RAM2)
 *(.ramfunc.$RamLoc40)
 *(.data.$RAM2*)
 *(.data.$RamLoc40*)
                0x10080000                . = ALIGN (0x4)

.data_RAM3      0x20000000        0x0 load address 0x1a001cc8
 FILL mask 0xff
 *(.ramfunc.$RAM3)
 *(.ramfunc.$RamAHB32)
 *(.data.$RAM3*)
 *(.data.$RamAHB32*)
                0x20000000                . = ALIGN (0x4)

.data_RAM4      0x20008000        0x0 load address 0x1a001cc8
 FILL mask 0xff
 *(.ramfunc.$RAM4)
 *(.ramfunc.$RamAHB16)
 *(.data.$RAM4*)
 *(.data.$RamAHB16*)
                0x20008000                . = ALIGN (0x4)

.data_RAM5      0x2000c000        0x0 load address 0x1a001cc8
 FILL mask 0xff
 *(.ramfunc.$RAM5)
 *(.ramfunc.$RamAHB_ETB16)
 *(.data.$RAM5*)
 *(.data.$RamAHB_ETB16*)
                0x2000c000                . = ALIGN (0x4)

.uninit_RESERVED
                0x10000000        0x0
 *(.bss.$RESERVED*)
                0x10000000                . = ALIGN (0x4)
                0x10000000                _end_uninit_RESERVED = .

.data           0x10000000       0x68 load address 0x1a001cc8
 FILL mask 0xff
                0x10000000                _data = .
 *(vtable)
 *(.ramfunc*)
 *(.data*)
 .data.display7SegmentOutputs_
                0x10000000       0x1c out/app/src/program.o
                0x10000000                display7SegmentOutputs_
 .data.display7SegmentPins_
                0x1000001c        0x8 out/app/src/program.o
                0x1000001c                display7SegmentPins_
 .data.tickHookFunction
                0x10000024        0x4 out/libs/sapi/src/sapi_tick.o
                0x10000024                tickHookFunction
 .data.timer_dd
                0x10000028       0x40 out/libs/sapi/src/sapi_timer.o
                0x10000068                . = ALIGN (0x4)
                0x10000068                _edata = .

.igot.plt       0x10000068        0x0 load address 0x1a001d30
 .igot.plt      0x00000000        0x0 out/app/src/program.o

.bss_RAM2       0x10080000        0x0
 *(.bss.$RAM2*)
 *(.bss.$RamLoc40*)
                0x10080000                . = ALIGN (0x4)

.bss_RAM3       0x20000000        0x0
 *(.bss.$RAM3*)
 *(.bss.$RamAHB32*)
                0x20000000                . = ALIGN (0x4)

.bss_RAM4       0x20008000        0x0
 *(.bss.$RAM4*)
 *(.bss.$RamAHB16*)
                0x20008000                . = ALIGN (0x4)

.bss_RAM5       0x2000c000        0x0
 *(.bss.$RAM5*)
 *(.bss.$RamAHB_ETB16*)
                0x2000c000                . = ALIGN (0x4)

.bss            0x10000068       0x20
                0x10000068                _bss = .
 *(.bss*)
 .bss.audio_usb_pll_freq
                0x10000068        0x8 out/libs/lpc_chip_43xx/src/clock_18xx_43xx.o
 *(COMMON)
 COMMON         0x10000070        0x4 out/libs/lpc_chip_43xx/src/chip_18xx_43xx.o
                0x10000070                SystemCoreClock
 *fill*         0x10000074        0x4 
 COMMON         0x10000078       0x10 out/libs/sapi/src/sapi_tick.o
                0x10000078                tickCounter
                0x10000080                tickRateMS
                0x10000088                . = ALIGN (0x4)
                0x10000088                _ebss = .
                0x10000088                PROVIDE (end, .)

.noinit_RAM2    0x10080000        0x0
 *(.noinit.$RAM2*)
 *(.noinit.$RamLoc40*)
                0x10080000                . = ALIGN (0x4)

.noinit_RAM3    0x20000000        0x0
 *(.noinit.$RAM3*)
 *(.noinit.$RamAHB32*)
                0x20000000                . = ALIGN (0x4)

.noinit_RAM4    0x20008000        0x0
 *(.noinit.$RAM4*)
 *(.noinit.$RamAHB16*)
                0x20008000                . = ALIGN (0x4)

.noinit_RAM5    0x2000c000        0x0
 *(.noinit.$RAM5*)
 *(.noinit.$RamAHB_ETB16*)
                0x2000c000                . = ALIGN (0x4)

.noinit         0x10000088        0x0
                0x10000088                _noinit = .
 *(.noinit*)
                0x10000088                . = ALIGN (0x4)
                0x10000088                _end_noinit = .
                0x10000088                PROVIDE (_pvHeapStart, .)
                0x10008000                PROVIDE (_vStackTop, (__top_RamLoc32 - 0x0))
                0x53ff6a56                PROVIDE (__valid_user_code_checksum, (0x0 - ((((((_vStackTop + (ResetISR + 0x1)) + (NMI_Handler + 0x1)) + (HardFault_Handler + 0x1)) + (DEFINED (MemManage_Handler)?MemManage_Handler:0x0 + 0x1)) + (DEFINED (BusFault_Handler)?BusFault_Handler:0x0 + 0x1)) + (DEFINED (UsageFault_Handler)?UsageFault_Handler:0x0 + 0x1))))
OUTPUT(out/program.elf elf32-littlearm)

.debug_info     0x00000000     0xcae8
 .debug_info    0x00000000      0xcf0 out/app/src/program.o
 .debug_info    0x00000cf0     0x1687 out/libs/lpc_chip_43xx/src/uart_18xx_43xx.o
 .debug_info    0x00002377      0xcc4 out/libs/lpc_chip_43xx/src/chip_18xx_43xx.o
 .debug_info    0x0000303b     0x18f5 out/libs/lpc_chip_43xx/src/clock_18xx_43xx.o
 .debug_info    0x00004930      0x14c out/libs/lpc_chip_43xx/src/fpu_init.o
 .debug_info    0x00004a7c      0x4b8 out/libs/lpc_chip_43xx/src/gpio_18xx_43xx.o
 .debug_info    0x00004f34      0xaf6 out/libs/lpc_chip_43xx/src/sysinit_18xx_43xx.o
 .debug_info    0x00005a2a     0x18dc out/libs/lpc_board_ciaa_edu_4337/src/board.o
 .debug_info    0x00007306       0x3f out/libs/lpc_board_ciaa_edu_4337/src/crp.o
 .debug_info    0x00007345      0x2dd out/libs/lpc_board_ciaa_edu_4337/src/cr_startup_lpc43xx.o
 .debug_info    0x00007622       0xf8 out/libs/lpc_board_ciaa_edu_4337/src/sysinit.o
 .debug_info    0x0000771a      0xc83 out/libs/lpc_board_ciaa_edu_4337/src/board_sysinit.o
 .debug_info    0x0000839d      0xc0b out/libs/sapi/src/sapi_uart.o
 .debug_info    0x00008fa8       0xff out/libs/sapi/src/sapi_datatypes.o
 .debug_info    0x000090a7      0x2c4 out/libs/sapi/src/sapi_delay.o
 .debug_info    0x0000936b      0xc04 out/libs/sapi/src/sapi_tick.o
 .debug_info    0x00009f6f     0x1427 out/libs/sapi/src/sapi_timer.o
 .debug_info    0x0000b396      0x5ee out/libs/sapi/src/sapi_board.o
 .debug_info    0x0000b984     0x1164 out/libs/sapi/src/sapi_gpio.o

.debug_abbrev   0x00000000     0x2405
 .debug_abbrev  0x00000000      0x1d8 out/app/src/program.o
 .debug_abbrev  0x000001d8      0x3ca out/libs/lpc_chip_43xx/src/uart_18xx_43xx.o
 .debug_abbrev  0x000005a2      0x1f6 out/libs/lpc_chip_43xx/src/chip_18xx_43xx.o
 .debug_abbrev  0x00000798      0x376 out/libs/lpc_chip_43xx/src/clock_18xx_43xx.o
 .debug_abbrev  0x00000b0e       0xa2 out/libs/lpc_chip_43xx/src/fpu_init.o
 .debug_abbrev  0x00000bb0      0x15a out/libs/lpc_chip_43xx/src/gpio_18xx_43xx.o
 .debug_abbrev  0x00000d0a      0x20a out/libs/lpc_chip_43xx/src/sysinit_18xx_43xx.o
 .debug_abbrev  0x00000f14      0x335 out/libs/lpc_board_ciaa_edu_4337/src/board.o
 .debug_abbrev  0x00001249       0x36 out/libs/lpc_board_ciaa_edu_4337/src/crp.o
 .debug_abbrev  0x0000127f      0x12b out/libs/lpc_board_ciaa_edu_4337/src/cr_startup_lpc43xx.o
 .debug_abbrev  0x000013aa       0xa0 out/libs/lpc_board_ciaa_edu_4337/src/sysinit.o
 .debug_abbrev  0x0000144a      0x225 out/libs/lpc_board_ciaa_edu_4337/src/board_sysinit.o
 .debug_abbrev  0x0000166f      0x2c0 out/libs/sapi/src/sapi_uart.o
 .debug_abbrev  0x0000192f       0x84 out/libs/sapi/src/sapi_datatypes.o
 .debug_abbrev  0x000019b3      0x132 out/libs/sapi/src/sapi_delay.o
 .debug_abbrev  0x00001ae5      0x22a out/libs/sapi/src/sapi_tick.o
 .debug_abbrev  0x00001d0f      0x331 out/libs/sapi/src/sapi_timer.o
 .debug_abbrev  0x00002040      0x115 out/libs/sapi/src/sapi_board.o
 .debug_abbrev  0x00002155      0x2b0 out/libs/sapi/src/sapi_gpio.o

.debug_loc      0x00000000     0x4262
 .debug_loc     0x00000000      0x273 out/app/src/program.o
 .debug_loc     0x00000273      0xc82 out/libs/lpc_chip_43xx/src/uart_18xx_43xx.o
 .debug_loc     0x00000ef5     0x12ce out/libs/lpc_chip_43xx/src/clock_18xx_43xx.o
 .debug_loc     0x000021c3       0x1f out/libs/lpc_chip_43xx/src/fpu_init.o
 .debug_loc     0x000021e2      0x35b out/libs/lpc_chip_43xx/src/gpio_18xx_43xx.o
 .debug_loc     0x0000253d      0x110 out/libs/lpc_chip_43xx/src/sysinit_18xx_43xx.o
 .debug_loc     0x0000264d      0x3f5 out/libs/lpc_board_ciaa_edu_4337/src/board.o
 .debug_loc     0x00002a42      0x1f0 out/libs/lpc_board_ciaa_edu_4337/src/cr_startup_lpc43xx.o
 .debug_loc     0x00002c32       0x97 out/libs/lpc_board_ciaa_edu_4337/src/board_sysinit.o
 .debug_loc     0x00002cc9      0x490 out/libs/sapi/src/sapi_uart.o
 .debug_loc     0x00003159       0x21 out/libs/sapi/src/sapi_datatypes.o
 .debug_loc     0x0000317a      0x1a3 out/libs/sapi/src/sapi_delay.o
 .debug_loc     0x0000331d      0x129 out/libs/sapi/src/sapi_tick.o
 .debug_loc     0x00003446      0x76a out/libs/sapi/src/sapi_timer.o
 .debug_loc     0x00003bb0      0x6b2 out/libs/sapi/src/sapi_gpio.o

.debug_aranges  0x00000000      0x628
 .debug_aranges
                0x00000000       0x38 out/app/src/program.o
 .debug_aranges
                0x00000038       0xa8 out/libs/lpc_chip_43xx/src/uart_18xx_43xx.o
 .debug_aranges
                0x000000e0       0x38 out/libs/lpc_chip_43xx/src/chip_18xx_43xx.o
 .debug_aranges
                0x00000118      0x128 out/libs/lpc_chip_43xx/src/clock_18xx_43xx.o
 .debug_aranges
                0x00000240       0x20 out/libs/lpc_chip_43xx/src/fpu_init.o
 .debug_aranges
                0x00000260       0x48 out/libs/lpc_chip_43xx/src/gpio_18xx_43xx.o
 .debug_aranges
                0x000002a8       0x38 out/libs/lpc_chip_43xx/src/sysinit_18xx_43xx.o
 .debug_aranges
                0x000002e0       0x90 out/libs/lpc_board_ciaa_edu_4337/src/board.o
 .debug_aranges
                0x00000370       0x18 out/libs/lpc_board_ciaa_edu_4337/src/crp.o
 .debug_aranges
                0x00000388       0x80 out/libs/lpc_board_ciaa_edu_4337/src/cr_startup_lpc43xx.o
 .debug_aranges
                0x00000408       0x20 out/libs/lpc_board_ciaa_edu_4337/src/sysinit.o
 .debug_aranges
                0x00000428       0x30 out/libs/lpc_board_ciaa_edu_4337/src/board_sysinit.o
 .debug_aranges
                0x00000458       0x60 out/libs/sapi/src/sapi_uart.o
 .debug_aranges
                0x000004b8       0x20 out/libs/sapi/src/sapi_datatypes.o
 .debug_aranges
                0x000004d8       0x48 out/libs/sapi/src/sapi_delay.o
 .debug_aranges
                0x00000520       0x38 out/libs/sapi/src/sapi_tick.o
 .debug_aranges
                0x00000558       0x78 out/libs/sapi/src/sapi_timer.o
 .debug_aranges
                0x000005d0       0x20 out/libs/sapi/src/sapi_board.o
 .debug_aranges
                0x000005f0       0x38 out/libs/sapi/src/sapi_gpio.o

.debug_ranges   0x00000000      0x508
 .debug_ranges  0x00000000       0x28 out/app/src/program.o
 .debug_ranges  0x00000028       0xb0 out/libs/lpc_chip_43xx/src/uart_18xx_43xx.o
 .debug_ranges  0x000000d8       0x28 out/libs/lpc_chip_43xx/src/chip_18xx_43xx.o
 .debug_ranges  0x00000100      0x118 out/libs/lpc_chip_43xx/src/clock_18xx_43xx.o
 .debug_ranges  0x00000218       0x10 out/libs/lpc_chip_43xx/src/fpu_init.o
 .debug_ranges  0x00000228       0x38 out/libs/lpc_chip_43xx/src/gpio_18xx_43xx.o
 .debug_ranges  0x00000260       0x28 out/libs/lpc_chip_43xx/src/sysinit_18xx_43xx.o
 .debug_ranges  0x00000288       0x80 out/libs/lpc_board_ciaa_edu_4337/src/board.o
 .debug_ranges  0x00000308       0x70 out/libs/lpc_board_ciaa_edu_4337/src/cr_startup_lpc43xx.o
 .debug_ranges  0x00000378       0x10 out/libs/lpc_board_ciaa_edu_4337/src/sysinit.o
 .debug_ranges  0x00000388       0x20 out/libs/lpc_board_ciaa_edu_4337/src/board_sysinit.o
 .debug_ranges  0x000003a8       0x50 out/libs/sapi/src/sapi_uart.o
 .debug_ranges  0x000003f8       0x10 out/libs/sapi/src/sapi_datatypes.o
 .debug_ranges  0x00000408       0x38 out/libs/sapi/src/sapi_delay.o
 .debug_ranges  0x00000440       0x28 out/libs/sapi/src/sapi_tick.o
 .debug_ranges  0x00000468       0x68 out/libs/sapi/src/sapi_timer.o
 .debug_ranges  0x000004d0       0x10 out/libs/sapi/src/sapi_board.o
 .debug_ranges  0x000004e0       0x28 out/libs/sapi/src/sapi_gpio.o

.debug_macro    0x00000000     0x8b59
 .debug_macro   0x00000000      0x4cb out/app/src/program.o
 .debug_macro   0x000004cb      0x87a out/app/src/program.o
 .debug_macro   0x00000d45       0x22 out/app/src/program.o
 .debug_macro   0x00000d67       0x44 out/app/src/program.o
 .debug_macro   0x00000dab       0x1c out/app/src/program.o
 .debug_macro   0x00000dc7      0x1f7 out/app/src/program.o
 .debug_macro   0x00000fbe       0x10 out/app/src/program.o
 .debug_macro   0x00000fce       0x22 out/app/src/program.o
 .debug_macro   0x00000ff0       0x66 out/app/src/program.o
 .debug_macro   0x00001056       0x28 out/app/src/program.o
 .debug_macro   0x0000107e       0x3b out/app/src/program.o
 .debug_macro   0x000010b9       0x2d out/app/src/program.o
 .debug_macro   0x000010e6       0x42 out/app/src/program.o
 .debug_macro   0x00001128      0xd39 out/app/src/program.o
 .debug_macro   0x00001e61      0x2bc out/app/src/program.o
 .debug_macro   0x0000211d      0x112 out/app/src/program.o
 .debug_macro   0x0000222f       0x11 out/app/src/program.o
 .debug_macro   0x00002240       0x2a out/app/src/program.o
 .debug_macro   0x0000226a       0x16 out/app/src/program.o
 .debug_macro   0x00002280      0x2e6 out/app/src/program.o
 .debug_macro   0x00002566       0x82 out/app/src/program.o
 .debug_macro   0x000025e8      0x13d out/app/src/program.o
 .debug_macro   0x00002725      0x198 out/app/src/program.o
 .debug_macro   0x000028bd       0x34 out/app/src/program.o
 .debug_macro   0x000028f1       0x58 out/app/src/program.o
 .debug_macro   0x00002949      0x236 out/app/src/program.o
 .debug_macro   0x00002b7f      0x572 out/app/src/program.o
 .debug_macro   0x000030f1       0x16 out/app/src/program.o
 .debug_macro   0x00003107      0x18a out/app/src/program.o
 .debug_macro   0x00003291       0x88 out/app/src/program.o
 .debug_macro   0x00003319      0x1b9 out/app/src/program.o
 .debug_macro   0x000034d2      0x1da out/app/src/program.o
 .debug_macro   0x000036ac       0x40 out/app/src/program.o
 .debug_macro   0x000036ec       0x1c out/app/src/program.o
 .debug_macro   0x00003708       0x2e out/app/src/program.o
 .debug_macro   0x00003736       0x2e out/app/src/program.o
 .debug_macro   0x00003764       0x22 out/app/src/program.o
 .debug_macro   0x00003786      0x201 out/app/src/program.o
 .debug_macro   0x00003987       0xe0 out/app/src/program.o
 .debug_macro   0x00003a67      0x34c out/app/src/program.o
 .debug_macro   0x00003db3       0xdc out/app/src/program.o
 .debug_macro   0x00003e8f       0xc4 out/app/src/program.o
 .debug_macro   0x00003f53       0x94 out/app/src/program.o
 .debug_macro   0x00003fe7       0xb8 out/app/src/program.o
 .debug_macro   0x0000409f       0x4c out/app/src/program.o
 .debug_macro   0x000040eb       0x16 out/app/src/program.o
 .debug_macro   0x00004101      0x328 out/app/src/program.o
 .debug_macro   0x00004429       0x3a out/app/src/program.o
 .debug_macro   0x00004463       0xd0 out/app/src/program.o
 .debug_macro   0x00004533       0x18 out/app/src/program.o
 .debug_macro   0x0000454b       0x22 out/app/src/program.o
 .debug_macro   0x0000456d       0x40 out/app/src/program.o
 .debug_macro   0x000045ad       0x4c out/app/src/program.o
 .debug_macro   0x000045f9       0x58 out/app/src/program.o
 .debug_macro   0x00004651       0x35 out/app/src/program.o
 .debug_macro   0x00004686       0x9c out/app/src/program.o
 .debug_macro   0x00004722       0x16 out/app/src/program.o
 .debug_macro   0x00004738       0x97 out/app/src/program.o
 .debug_macro   0x000047cf      0x29d out/app/src/program.o
 .debug_macro   0x00004a6c       0xef out/app/src/program.o
 .debug_macro   0x00004b5b       0x10 out/app/src/program.o
 .debug_macro   0x00004b6b       0x52 out/app/src/program.o
 .debug_macro   0x00004bbd       0x16 out/app/src/program.o
 .debug_macro   0x00004bd3       0x43 out/app/src/program.o
 .debug_macro   0x00004c16      0x180 out/app/src/program.o
 .debug_macro   0x00004d96       0x10 out/app/src/program.o
 .debug_macro   0x00004da6       0x22 out/app/src/program.o
 .debug_macro   0x00004dc8       0xbd out/app/src/program.o
 .debug_macro   0x00004e85       0x16 out/app/src/program.o
 .debug_macro   0x00004e9b      0x196 out/app/src/program.o
 .debug_macro   0x00005031       0x20 out/app/src/program.o
 .debug_macro   0x00005051       0x28 out/app/src/program.o
 .debug_macro   0x00005079       0x16 out/app/src/program.o
 .debug_macro   0x0000508f       0x3a out/app/src/program.o
 .debug_macro   0x000050c9       0x10 out/app/src/program.o
 .debug_macro   0x000050d9       0x70 out/app/src/program.o
 .debug_macro   0x00005149      0x1e1 out/app/src/program.o
 .debug_macro   0x0000532a      0x2e9 out/libs/lpc_chip_43xx/src/uart_18xx_43xx.o
 .debug_macro   0x00005613      0x2e9 out/libs/lpc_chip_43xx/src/chip_18xx_43xx.o
 .debug_macro   0x000058fc      0x2ef out/libs/lpc_chip_43xx/src/clock_18xx_43xx.o
 .debug_macro   0x00005beb       0xcf out/libs/lpc_chip_43xx/src/fpu_init.o
 .debug_macro   0x00005cba      0x2e9 out/libs/lpc_chip_43xx/src/gpio_18xx_43xx.o
 .debug_macro   0x00005fa3      0x2e9 out/libs/lpc_chip_43xx/src/sysinit_18xx_43xx.o
 .debug_macro   0x0000628c      0x404 out/libs/lpc_board_ciaa_edu_4337/src/board.o
 .debug_macro   0x00006690       0x46 out/libs/lpc_board_ciaa_edu_4337/src/board.o
 .debug_macro   0x000066d6       0x16 out/libs/lpc_board_ciaa_edu_4337/src/board.o
 .debug_macro   0x000066ec       0x17 out/libs/lpc_board_ciaa_edu_4337/src/crp.o
 .debug_macro   0x00006703       0x1d out/libs/lpc_board_ciaa_edu_4337/src/cr_startup_lpc43xx.o
 .debug_macro   0x00006720      0x3e7 out/libs/lpc_board_ciaa_edu_4337/src/sysinit.o
 .debug_macro   0x00006b07      0x3e7 out/libs/lpc_board_ciaa_edu_4337/src/board_sysinit.o
 .debug_macro   0x00006eee      0x43c out/libs/sapi/src/sapi_uart.o
 .debug_macro   0x0000732a       0x10 out/libs/sapi/src/sapi_uart.o
 .debug_macro   0x0000733a      0x3f0 out/libs/sapi/src/sapi_datatypes.o
 .debug_macro   0x0000772a      0x409 out/libs/sapi/src/sapi_delay.o
 .debug_macro   0x00007b33      0x3fa out/libs/sapi/src/sapi_tick.o
 .debug_macro   0x00007f2d      0x410 out/libs/sapi/src/sapi_timer.o
 .debug_macro   0x0000833d      0x418 out/libs/sapi/src/sapi_board.o
 .debug_macro   0x00008755      0x404 out/libs/sapi/src/sapi_gpio.o

.debug_line     0x00000000     0x89dc
 .debug_line    0x00000000      0x937 out/app/src/program.o
 .debug_line    0x00000937      0x975 out/libs/lpc_chip_43xx/src/uart_18xx_43xx.o
 .debug_line    0x000012ac      0x6df out/libs/lpc_chip_43xx/src/chip_18xx_43xx.o
 .debug_line    0x0000198b      0xa88 out/libs/lpc_chip_43xx/src/clock_18xx_43xx.o
 .debug_line    0x00002413      0x29a out/libs/lpc_chip_43xx/src/fpu_init.o
 .debug_line    0x000026ad      0x704 out/libs/lpc_chip_43xx/src/gpio_18xx_43xx.o
 .debug_line    0x00002db1      0x753 out/libs/lpc_chip_43xx/src/sysinit_18xx_43xx.o
 .debug_line    0x00003504      0x922 out/libs/lpc_board_ciaa_edu_4337/src/board.o
 .debug_line    0x00003e26       0x47 out/libs/lpc_board_ciaa_edu_4337/src/crp.o
 .debug_line    0x00003e6d      0x11c out/libs/lpc_board_ciaa_edu_4337/src/cr_startup_lpc43xx.o
 .debug_line    0x00003f89      0x782 out/libs/lpc_board_ciaa_edu_4337/src/sysinit.o
 .debug_line    0x0000470b      0x7d7 out/libs/lpc_board_ciaa_edu_4337/src/board_sysinit.o
 .debug_line    0x00004ee2      0x91c out/libs/sapi/src/sapi_uart.o
 .debug_line    0x000057fe      0x795 out/libs/sapi/src/sapi_datatypes.o
 .debug_line    0x00005f93      0x836 out/libs/sapi/src/sapi_delay.o
 .debug_line    0x000067c9      0x7f7 out/libs/sapi/src/sapi_tick.o
 .debug_line    0x00006fc0      0x98b out/libs/sapi/src/sapi_timer.o
 .debug_line    0x0000794b      0x7f5 out/libs/sapi/src/sapi_board.o
 .debug_line    0x00008140      0x89c out/libs/sapi/src/sapi_gpio.o

.debug_str      0x00000000    0x1b4d1
 .debug_str     0x00000000    0x18ea1 out/app/src/program.o
                              0x19110 (size before relaxing)
 .debug_str     0x00018ea1      0x50d out/libs/lpc_chip_43xx/src/uart_18xx_43xx.o
                              0x152a1 (size before relaxing)
 .debug_str     0x000193ae      0x3da out/libs/lpc_chip_43xx/src/chip_18xx_43xx.o
                              0x151fe (size before relaxing)
 .debug_str     0x00019788      0x4fb out/libs/lpc_chip_43xx/src/clock_18xx_43xx.o
                              0x15667 (size before relaxing)
 .debug_str     0x00019c83       0xc5 out/libs/lpc_chip_43xx/src/fpu_init.o
                               0x8c72 (size before relaxing)
 .debug_str     0x00019d48      0x14a out/libs/lpc_chip_43xx/src/gpio_18xx_43xx.o
                              0x144df (size before relaxing)
 .debug_str     0x00019e92       0xf1 out/libs/lpc_chip_43xx/src/sysinit_18xx_43xx.o
                              0x150ef (size before relaxing)
 .debug_str     0x00019f83      0x56d out/libs/lpc_board_ciaa_edu_4337/src/board.o
                              0x187e9 (size before relaxing)
 .debug_str     0x0001a4f0       0x46 out/libs/lpc_board_ciaa_edu_4337/src/crp.o
                               0x24ef (size before relaxing)
 .debug_str     0x0001a536      0x1f8 out/libs/lpc_board_ciaa_edu_4337/src/cr_startup_lpc43xx.o
                               0x26c5 (size before relaxing)
 .debug_str     0x0001a72e       0x46 out/libs/lpc_board_ciaa_edu_4337/src/sysinit.o
                              0x175a2 (size before relaxing)
 .debug_str     0x0001a774       0xce out/libs/lpc_board_ciaa_edu_4337/src/board_sysinit.o
                              0x1838f (size before relaxing)
 .debug_str     0x0001a842      0x27d out/libs/sapi/src/sapi_uart.o
                              0x17aa3 (size before relaxing)
 .debug_str     0x0001aabf       0x30 out/libs/sapi/src/sapi_datatypes.o
                              0x175da (size before relaxing)
 .debug_str     0x0001aaef       0x88 out/libs/sapi/src/sapi_delay.o
                              0x176db (size before relaxing)
 .debug_str     0x0001ab77      0x46a out/libs/sapi/src/sapi_tick.o
                              0x184ea (size before relaxing)
 .debug_str     0x0001afe1      0x406 out/libs/sapi/src/sapi_timer.o
                              0x18822 (size before relaxing)
 .debug_str     0x0001b3e7       0x1b out/libs/sapi/src/sapi_board.o
                              0x17831 (size before relaxing)
 .debug_str     0x0001b402       0xcf out/libs/sapi/src/sapi_gpio.o
                              0x183e2 (size before relaxing)

.comment        0x00000000       0x70
 .comment       0x00000000       0x70 out/app/src/program.o
                                 0x71 (size before relaxing)
 .comment       0x00000000       0x71 out/libs/lpc_chip_43xx/src/uart_18xx_43xx.o
 .comment       0x00000000       0x71 out/libs/lpc_chip_43xx/src/chip_18xx_43xx.o
 .comment       0x00000000       0x71 out/libs/lpc_chip_43xx/src/clock_18xx_43xx.o
 .comment       0x00000000       0x71 out/libs/lpc_chip_43xx/src/fpu_init.o
 .comment       0x00000000       0x71 out/libs/lpc_chip_43xx/src/gpio_18xx_43xx.o
 .comment       0x00000000       0x71 out/libs/lpc_chip_43xx/src/sysinit_18xx_43xx.o
 .comment       0x00000000       0x71 out/libs/lpc_board_ciaa_edu_4337/src/board.o
 .comment       0x00000000       0x71 out/libs/lpc_board_ciaa_edu_4337/src/crp.o
 .comment       0x00000000       0x71 out/libs/lpc_board_ciaa_edu_4337/src/cr_startup_lpc43xx.o
 .comment       0x00000000       0x71 out/libs/lpc_board_ciaa_edu_4337/src/sysinit.o
 .comment       0x00000000       0x71 out/libs/lpc_board_ciaa_edu_4337/src/board_sysinit.o
 .comment       0x00000000       0x71 out/libs/sapi/src/sapi_uart.o
 .comment       0x00000000       0x71 out/libs/sapi/src/sapi_datatypes.o
 .comment       0x00000000       0x71 out/libs/sapi/src/sapi_delay.o
 .comment       0x00000000       0x71 out/libs/sapi/src/sapi_tick.o
 .comment       0x00000000       0x71 out/libs/sapi/src/sapi_timer.o
 .comment       0x00000000       0x71 out/libs/sapi/src/sapi_board.o
 .comment       0x00000000       0x71 out/libs/sapi/src/sapi_gpio.o

.ARM.attributes
                0x00000000       0x39
 .ARM.attributes
                0x00000000       0x39 out/app/src/program.o
 .ARM.attributes
                0x00000039       0x39 out/libs/lpc_chip_43xx/src/uart_18xx_43xx.o
 .ARM.attributes
                0x00000072       0x39 out/libs/lpc_chip_43xx/src/chip_18xx_43xx.o
 .ARM.attributes
                0x000000ab       0x39 out/libs/lpc_chip_43xx/src/clock_18xx_43xx.o
 .ARM.attributes
                0x000000e4       0x39 out/libs/lpc_chip_43xx/src/fpu_init.o
 .ARM.attributes
                0x0000011d       0x39 out/libs/lpc_chip_43xx/src/gpio_18xx_43xx.o
 .ARM.attributes
                0x00000156       0x39 out/libs/lpc_chip_43xx/src/sysinit_18xx_43xx.o
 .ARM.attributes
                0x0000018f       0x39 out/libs/lpc_board_ciaa_edu_4337/src/board.o
 .ARM.attributes
                0x000001c8       0x39 out/libs/lpc_board_ciaa_edu_4337/src/crp.o
 .ARM.attributes
                0x00000201       0x39 out/libs/lpc_board_ciaa_edu_4337/src/cr_startup_lpc43xx.o
 .ARM.attributes
                0x0000023a       0x39 out/libs/lpc_board_ciaa_edu_4337/src/sysinit.o
 .ARM.attributes
                0x00000273       0x39 out/libs/lpc_board_ciaa_edu_4337/src/board_sysinit.o
 .ARM.attributes
                0x000002ac       0x39 out/libs/sapi/src/sapi_uart.o
 .ARM.attributes
                0x000002e5       0x39 out/libs/sapi/src/sapi_datatypes.o
 .ARM.attributes
                0x0000031e       0x39 out/libs/sapi/src/sapi_delay.o
 .ARM.attributes
                0x00000357       0x39 out/libs/sapi/src/sapi_tick.o
 .ARM.attributes
                0x00000390       0x39 out/libs/sapi/src/sapi_timer.o
 .ARM.attributes
                0x000003c9       0x39 out/libs/sapi/src/sapi_board.o
 .ARM.attributes
                0x00000402       0x39 out/libs/sapi/src/sapi_gpio.o
 .ARM.attributes
                0x0000043b       0x22 /home/guillermo/ciaa-ide/gcc-arm-none-eabi-4_9-2015q1/bin/../lib/gcc/arm-none-eabi/4.9.3/armv7e-m/fpu/libgcc.a(_aeabi_uldivmod.o)
 .ARM.attributes
                0x0000045d       0x34 /home/guillermo/ciaa-ide/gcc-arm-none-eabi-4_9-2015q1/bin/../lib/gcc/arm-none-eabi/4.9.3/armv7e-m/fpu/libgcc.a(bpabi.o)
 .ARM.attributes
                0x00000491       0x22 /home/guillermo/ciaa-ide/gcc-arm-none-eabi-4_9-2015q1/bin/../lib/gcc/arm-none-eabi/4.9.3/armv7e-m/fpu/libgcc.a(_dvmd_tls.o)
 .ARM.attributes
                0x000004b3       0x34 /home/guillermo/ciaa-ide/gcc-arm-none-eabi-4_9-2015q1/bin/../lib/gcc/arm-none-eabi/4.9.3/armv7e-m/fpu/libgcc.a(_divdi3.o)
 .ARM.attributes
                0x000004e7       0x34 /home/guillermo/ciaa-ide/gcc-arm-none-eabi-4_9-2015q1/bin/../lib/gcc/arm-none-eabi/4.9.3/armv7e-m/fpu/libgcc.a(_udivdi3.o)
 .ARM.attributes
                0x0000051b       0x34 /home/guillermo/ciaa-ide/gcc-arm-none-eabi-4_9-2015q1/bin/../lib/gcc/arm-none-eabi/4.9.3/../../../../arm-none-eabi/lib/armv7e-m/fpu/libc_nano.a(lib_a-memset.o)

.debug_frame    0x00000000      0xeac
 .debug_frame   0x00000000       0x80 out/app/src/program.o
 .debug_frame   0x00000080      0x1ec out/libs/lpc_chip_43xx/src/uart_18xx_43xx.o
 .debug_frame   0x0000026c       0x70 out/libs/lpc_chip_43xx/src/chip_18xx_43xx.o
 .debug_frame   0x000002dc      0x310 out/libs/lpc_chip_43xx/src/clock_18xx_43xx.o
 .debug_frame   0x000005ec       0x28 out/libs/lpc_chip_43xx/src/fpu_init.o
 .debug_frame   0x00000614       0x88 out/libs/lpc_chip_43xx/src/gpio_18xx_43xx.o
 .debug_frame   0x0000069c       0x7c out/libs/lpc_chip_43xx/src/sysinit_18xx_43xx.o
 .debug_frame   0x00000718      0x138 out/libs/lpc_board_ciaa_edu_4337/src/board.o
 .debug_frame   0x00000850       0xf4 out/libs/lpc_board_ciaa_edu_4337/src/cr_startup_lpc43xx.o
 .debug_frame   0x00000944       0x28 out/libs/lpc_board_ciaa_edu_4337/src/sysinit.o
 .debug_frame   0x0000096c       0x5c out/libs/lpc_board_ciaa_edu_4337/src/board_sysinit.o
 .debug_frame   0x000009c8       0xd8 out/libs/sapi/src/sapi_uart.o
 .debug_frame   0x00000aa0       0x20 out/libs/sapi/src/sapi_datatypes.o
 .debug_frame   0x00000ac0       0xbc out/libs/sapi/src/sapi_delay.o
 .debug_frame   0x00000b7c       0x60 out/libs/sapi/src/sapi_tick.o
 .debug_frame   0x00000bdc      0x124 out/libs/sapi/src/sapi_timer.o
 .debug_frame   0x00000d00       0x28 out/libs/sapi/src/sapi_board.o
 .debug_frame   0x00000d28       0x88 out/libs/sapi/src/sapi_gpio.o
 .debug_frame   0x00000db0       0x28 /home/guillermo/ciaa-ide/gcc-arm-none-eabi-4_9-2015q1/bin/../lib/gcc/arm-none-eabi/4.9.3/armv7e-m/fpu/libgcc.a(_aeabi_uldivmod.o)
 .debug_frame   0x00000dd8       0x50 /home/guillermo/ciaa-ide/gcc-arm-none-eabi-4_9-2015q1/bin/../lib/gcc/arm-none-eabi/4.9.3/armv7e-m/fpu/libgcc.a(bpabi.o)
 .debug_frame   0x00000e28       0x34 /home/guillermo/ciaa-ide/gcc-arm-none-eabi-4_9-2015q1/bin/../lib/gcc/arm-none-eabi/4.9.3/armv7e-m/fpu/libgcc.a(_divdi3.o)
 .debug_frame   0x00000e5c       0x30 /home/guillermo/ciaa-ide/gcc-arm-none-eabi-4_9-2015q1/bin/../lib/gcc/arm-none-eabi/4.9.3/armv7e-m/fpu/libgcc.a(_udivdi3.o)
 .debug_frame   0x00000e8c       0x20 /home/guillermo/ciaa-ide/gcc-arm-none-eabi-4_9-2015q1/bin/../lib/gcc/arm-none-eabi/4.9.3/../../../../arm-none-eabi/lib/armv7e-m/fpu/libc_nano.a(lib_a-memset.o)

Cross Reference Table

Symbol                                            File
ADC0_IRQHandler                                   out/libs/lpc_board_ciaa_edu_4337/src/cr_startup_lpc43xx.o
ADC1_IRQHandler                                   out/libs/lpc_board_ciaa_edu_4337/src/cr_startup_lpc43xx.o
ADCHS_IRQHandler                                  out/libs/lpc_board_ciaa_edu_4337/src/cr_startup_lpc43xx.o
ATIMER_IRQHandler                                 out/libs/lpc_board_ciaa_edu_4337/src/cr_startup_lpc43xx.o
Board_DAC_Init                                    out/libs/lpc_board_ciaa_edu_4337/src/board.o
Board_Debug_Init                                  out/libs/lpc_board_ciaa_edu_4337/src/board.o
Board_ENET_GetMacADDR                             out/libs/lpc_board_ciaa_edu_4337/src/board.o
Board_I2C_Init                                    out/libs/lpc_board_ciaa_edu_4337/src/board.o
Board_Init                                        out/libs/lpc_board_ciaa_edu_4337/src/board.o
                                                  out/libs/sapi/src/sapi_board.o
Board_LED_Set                                     out/libs/lpc_board_ciaa_edu_4337/src/board.o
Board_LED_Test                                    out/libs/lpc_board_ciaa_edu_4337/src/board.o
Board_LED_Toggle                                  out/libs/lpc_board_ciaa_edu_4337/src/board.o
Board_SDMMC_Init                                  out/libs/lpc_board_ciaa_edu_4337/src/board.o
Board_SSP_Init                                    out/libs/lpc_board_ciaa_edu_4337/src/board.o
Board_SetupClocking                               out/libs/lpc_board_ciaa_edu_4337/src/board_sysinit.o
Board_SetupMuxing                                 out/libs/lpc_board_ciaa_edu_4337/src/board_sysinit.o
Board_SystemInit                                  out/libs/lpc_board_ciaa_edu_4337/src/board_sysinit.o
                                                  out/libs/lpc_board_ciaa_edu_4337/src/sysinit.o
Board_UARTGetChar                                 out/libs/lpc_board_ciaa_edu_4337/src/board.o
                                                  out/libs/lpc_board_ciaa_edu_4337/src/system.o
Board_UARTPutChar                                 out/libs/lpc_board_ciaa_edu_4337/src/board.o
                                                  out/libs/lpc_board_ciaa_edu_4337/src/system.o
Board_UARTPutSTR                                  out/libs/lpc_board_ciaa_edu_4337/src/board.o
Board_UART_Init                                   out/libs/lpc_board_ciaa_edu_4337/src/board.o
BusFault_Handler                                  out/libs/lpc_board_ciaa_edu_4337/src/cr_startup_lpc43xx.o
CAN0_IRQHandler                                   out/libs/lpc_board_ciaa_edu_4337/src/cr_startup_lpc43xx.o
CAN1_IRQHandler                                   out/libs/lpc_board_ciaa_edu_4337/src/cr_startup_lpc43xx.o
CRP_WORD                                          out/libs/lpc_board_ciaa_edu_4337/src/crp.o
Chip_ADC_DeInit                                   out/libs/lpc_chip_43xx/src/adc_18xx_43xx.o
                                                  out/libs/sapi/src/sapi_adc.o
Chip_ADC_EnableChannel                            out/libs/lpc_chip_43xx/src/adc_18xx_43xx.o
                                                  out/libs/sapi/src/sapi_adc.o
Chip_ADC_Init                                     out/libs/lpc_chip_43xx/src/adc_18xx_43xx.o
                                                  out/libs/sapi/src/sapi_adc.o
Chip_ADC_Int_SetChannelCmd                        out/libs/lpc_chip_43xx/src/adc_18xx_43xx.o
                                                  out/libs/sapi/src/sapi_adc.o
Chip_ADC_ReadByte                                 out/libs/lpc_chip_43xx/src/adc_18xx_43xx.o
Chip_ADC_ReadStatus                               out/libs/lpc_chip_43xx/src/adc_18xx_43xx.o
                                                  out/libs/sapi/src/sapi_adc.o
Chip_ADC_ReadValue                                out/libs/lpc_chip_43xx/src/adc_18xx_43xx.o
                                                  out/libs/sapi/src/sapi_adc.o
Chip_ADC_SetBurstCmd                              out/libs/lpc_chip_43xx/src/adc_18xx_43xx.o
                                                  out/libs/sapi/src/sapi_adc.o
Chip_ADC_SetResolution                            out/libs/lpc_chip_43xx/src/adc_18xx_43xx.o
Chip_ADC_SetSampleRate                            out/libs/lpc_chip_43xx/src/adc_18xx_43xx.o
                                                  out/libs/sapi/src/sapi_adc.o
Chip_ADC_SetStartMode                             out/libs/lpc_chip_43xx/src/adc_18xx_43xx.o
                                                  out/libs/sapi/src/sapi_adc.o
Chip_AES_Config_DMA                               out/libs/lpc_chip_43xx/src/aes_18xx_43xx.o
Chip_AES_GetStatusDMA                             out/libs/lpc_chip_43xx/src/aes_18xx_43xx.o
Chip_AES_Init                                     out/libs/lpc_chip_43xx/src/aes_18xx_43xx.o
Chip_AES_LoadIV_IC                                out/libs/lpc_chip_43xx/src/aes_18xx_43xx.o
Chip_AES_LoadIV_SW                                out/libs/lpc_chip_43xx/src/aes_18xx_43xx.o
Chip_AES_LoadKey                                  out/libs/lpc_chip_43xx/src/aes_18xx_43xx.o
Chip_AES_LoadKeyRNG                               out/libs/lpc_chip_43xx/src/aes_18xx_43xx.o
Chip_AES_LoadKeySW                                out/libs/lpc_chip_43xx/src/aes_18xx_43xx.o
Chip_AES_Operate                                  out/libs/lpc_chip_43xx/src/aes_18xx_43xx.o
Chip_AES_OperateDMA                               out/libs/lpc_chip_43xx/src/aes_18xx_43xx.o
Chip_AES_ProgramKey                               out/libs/lpc_chip_43xx/src/aes_18xx_43xx.o
Chip_AES_SetMode                                  out/libs/lpc_chip_43xx/src/aes_18xx_43xx.o
Chip_ATIMER_DeInit                                out/libs/lpc_chip_43xx/src/atimer_18xx_43xx.o
Chip_ATIMER_Init                                  out/libs/lpc_chip_43xx/src/atimer_18xx_43xx.o
Chip_CCAN_AddReceiveID                            out/libs/lpc_chip_43xx/src/ccan_18xx_43xx.o
Chip_CCAN_ClearStatus                             out/libs/lpc_chip_43xx/src/ccan_18xx_43xx.o
Chip_CCAN_DeInit                                  out/libs/lpc_chip_43xx/src/ccan_18xx_43xx.o
Chip_CCAN_DeleteReceiveID                         out/libs/lpc_chip_43xx/src/ccan_18xx_43xx.o
Chip_CCAN_GetMsgObject                            out/libs/lpc_chip_43xx/src/ccan_18xx_43xx.o
Chip_CCAN_Init                                    out/libs/lpc_chip_43xx/src/ccan_18xx_43xx.o
Chip_CCAN_Send                                    out/libs/lpc_chip_43xx/src/ccan_18xx_43xx.o
Chip_CCAN_SetBitRate                              out/libs/lpc_chip_43xx/src/ccan_18xx_43xx.o
Chip_CCAN_SetMsgObject                            out/libs/lpc_chip_43xx/src/ccan_18xx_43xx.o
Chip_CCAN_SetValidMsg                             out/libs/lpc_chip_43xx/src/ccan_18xx_43xx.o
Chip_CCAN_TransferMsgObject                       out/libs/lpc_chip_43xx/src/ccan_18xx_43xx.o
Chip_Clock_CalcMainPLLValue                       out/libs/lpc_chip_43xx/src/clock_18xx_43xx.o
                                                  out/libs/lpc_chip_43xx/src/sysinit_18xx_43xx.o
Chip_Clock_ClearPowerDown                         out/libs/lpc_chip_43xx/src/clock_18xx_43xx.o
Chip_Clock_Disable                                out/libs/lpc_chip_43xx/src/clock_18xx_43xx.o
                                                  out/libs/lpc_chip_43xx/src/i2c_18xx_43xx.o
                                                  out/libs/lpc_chip_43xx/src/ssp_18xx_43xx.o
                                                  out/libs/lpc_chip_43xx/src/ccan_18xx_43xx.o
                                                  out/libs/lpc_chip_43xx/src/gpdma_18xx_43xx.o
                                                  out/libs/lpc_chip_43xx/src/i2s_18xx_43xx.o
                                                  out/libs/lpc_chip_43xx/src/spi_18xx_43xx.o
                                                  out/libs/lpc_chip_43xx/src/sct_18xx_43xx.o
                                                  out/libs/lpc_chip_43xx/src/enet_18xx_43xx.o
                                                  out/libs/lpc_chip_43xx/src/timer_18xx_43xx.o
                                                  out/libs/lpc_chip_43xx/src/adc_18xx_43xx.o
                                                  out/libs/lpc_chip_43xx/src/i2cm_18xx_43xx.o
                                                  out/libs/lpc_chip_43xx/src/sdif_18xx_43xx.o
                                                  out/libs/lpc_chip_43xx/src/uart_18xx_43xx.o
                                                  out/libs/lpc_chip_43xx/src/lcd_18xx_43xx.o
                                                  out/libs/lpc_chip_43xx/src/ritimer_18xx_43xx.o
                                                  out/libs/lpc_chip_43xx/src/dac_18xx_43xx.o
                                                  out/libs/lpc_chip_43xx/src/hsadc_18xx_43xx.o
Chip_Clock_DisableBaseClock                       out/libs/lpc_chip_43xx/src/clock_18xx_43xx.o
Chip_Clock_DisableCrystal                         out/libs/lpc_chip_43xx/src/clock_18xx_43xx.o
Chip_Clock_DisablePLL                             out/libs/lpc_chip_43xx/src/clock_18xx_43xx.o
Chip_Clock_Enable                                 out/libs/lpc_chip_43xx/src/clock_18xx_43xx.o
                                                  out/libs/lpc_chip_43xx/src/i2c_18xx_43xx.o
                                                  out/libs/lpc_chip_43xx/src/ssp_18xx_43xx.o
                                                  out/libs/lpc_chip_43xx/src/i2s_18xx_43xx.o
                                                  out/libs/lpc_chip_43xx/src/spi_18xx_43xx.o
                                                  out/libs/lpc_chip_43xx/src/timer_18xx_43xx.o
                                                  out/libs/lpc_chip_43xx/src/i2cm_18xx_43xx.o
                                                  out/libs/lpc_chip_43xx/src/hsadc_18xx_43xx.o
Chip_Clock_EnableBaseClock                        out/libs/lpc_chip_43xx/src/clock_18xx_43xx.o
                                                  out/libs/lpc_chip_43xx/src/chip_18xx_43xx.o
Chip_Clock_EnableCrystal                          out/libs/lpc_chip_43xx/src/clock_18xx_43xx.o
                                                  out/libs/lpc_chip_43xx/src/sysinit_18xx_43xx.o
Chip_Clock_EnableOpts                             out/libs/lpc_chip_43xx/src/clock_18xx_43xx.o
                                                  out/libs/lpc_chip_43xx/src/ccan_18xx_43xx.o
                                                  out/libs/lpc_chip_43xx/src/gpdma_18xx_43xx.o
                                                  out/libs/lpc_chip_43xx/src/sct_18xx_43xx.o
                                                  out/libs/lpc_chip_43xx/src/enet_18xx_43xx.o
                                                  out/libs/lpc_chip_43xx/src/adc_18xx_43xx.o
                                                  out/libs/lpc_chip_43xx/src/chip_18xx_43xx.o
                                                  out/libs/lpc_chip_43xx/src/sdif_18xx_43xx.o
                                                  out/libs/lpc_chip_43xx/src/uart_18xx_43xx.o
                                                  out/libs/lpc_chip_43xx/src/lcd_18xx_43xx.o
                                                  out/libs/lpc_chip_43xx/src/ritimer_18xx_43xx.o
                                                  out/libs/lpc_chip_43xx/src/dac_18xx_43xx.o
                                                  out/libs/lpc_chip_43xx/src/hsadc_18xx_43xx.o
Chip_Clock_EnablePLL                              out/libs/lpc_chip_43xx/src/clock_18xx_43xx.o
                                                  out/libs/lpc_chip_43xx/src/chip_18xx_43xx.o
Chip_Clock_GetBaseClock                           out/libs/lpc_chip_43xx/src/clock_18xx_43xx.o
Chip_Clock_GetBaseClockOpts                       out/libs/lpc_chip_43xx/src/clock_18xx_43xx.o
Chip_Clock_GetBaseClocktHz                        out/libs/lpc_chip_43xx/src/clock_18xx_43xx.o
                                                  out/libs/lpc_chip_43xx/src/sdmmc_18xx_43xx.o
                                                  out/libs/lpc_chip_43xx/src/sdio_18xx_43xx.o
Chip_Clock_GetClockInputHz                        out/libs/lpc_chip_43xx/src/clock_18xx_43xx.o
                                                  out/libs/lpc_chip_43xx/src/chip_18xx_43xx.o
Chip_Clock_GetDividerDivisor                      out/libs/lpc_chip_43xx/src/clock_18xx_43xx.o
Chip_Clock_GetDividerSource                       out/libs/lpc_chip_43xx/src/clock_18xx_43xx.o
Chip_Clock_GetEMCRate                             out/libs/lpc_chip_43xx/src/clock_18xx_43xx.o
                                                  out/libs/lpc_chip_43xx/src/emc_18xx_43xx.o
Chip_Clock_GetMainPLLHz                           out/libs/lpc_chip_43xx/src/clock_18xx_43xx.o
Chip_Clock_GetPLLStatus                           out/libs/lpc_chip_43xx/src/clock_18xx_43xx.o
                                                  out/libs/lpc_chip_43xx/src/chip_18xx_43xx.o
Chip_Clock_GetRate                                out/libs/lpc_chip_43xx/src/clock_18xx_43xx.o
                                                  out/libs/lpc_chip_43xx/src/i2c_18xx_43xx.o
                                                  out/libs/lpc_chip_43xx/src/ssp_18xx_43xx.o
                                                  out/libs/lpc_chip_43xx/src/sct_pwm_18xx_43xx.o
                                                  out/libs/lpc_chip_43xx/src/ccan_18xx_43xx.o
                                                  out/libs/lpc_chip_43xx/src/i2s_18xx_43xx.o
                                                  out/libs/lpc_chip_43xx/src/spi_18xx_43xx.o
                                                  out/libs/lpc_chip_43xx/src/eeprom_18xx_43xx.o
                                                  out/libs/lpc_chip_43xx/src/adc_18xx_43xx.o
                                                  out/libs/lpc_chip_43xx/src/i2cm_18xx_43xx.o
                                                  out/libs/lpc_chip_43xx/src/chip_18xx_43xx.o
                                                  out/libs/lpc_chip_43xx/src/stopwatch_18xx_43xx.o
                                                  out/libs/lpc_chip_43xx/src/uart_18xx_43xx.o
                                                  out/libs/lpc_chip_43xx/src/ritimer_18xx_43xx.o
                                                  out/libs/lpc_chip_43xx/src/hsadc_18xx_43xx.o
Chip_Clock_IsBaseClockEnabled                     out/libs/lpc_chip_43xx/src/clock_18xx_43xx.o
Chip_Clock_RTCEnable                              out/libs/lpc_chip_43xx/src/clock_18xx_43xx.o
                                                  out/libs/lpc_chip_43xx/src/rtc_18xx_43xx.o
Chip_Clock_SetBaseClock                           out/libs/lpc_chip_43xx/src/clock_18xx_43xx.o
                                                  out/libs/lpc_board_ciaa_edu_4337/src/board_sysinit.o
                                                  out/libs/lpc_chip_43xx/src/sysinit_18xx_43xx.o
                                                  out/libs/lpc_chip_43xx/src/chip_18xx_43xx.o
Chip_Clock_SetDivider                             out/libs/lpc_chip_43xx/src/clock_18xx_43xx.o
                                                  out/libs/lpc_chip_43xx/src/chip_18xx_43xx.o
Chip_Clock_SetupMainPLLHz                         out/libs/lpc_chip_43xx/src/clock_18xx_43xx.o
Chip_Clock_SetupMainPLLMult                       out/libs/lpc_chip_43xx/src/clock_18xx_43xx.o
Chip_Clock_SetupPLL                               out/libs/lpc_chip_43xx/src/clock_18xx_43xx.o
                                                  out/libs/lpc_chip_43xx/src/chip_18xx_43xx.o
Chip_Clock_StartPowerDown                         out/libs/lpc_chip_43xx/src/clock_18xx_43xx.o
Chip_DAC_DeInit                                   out/libs/lpc_chip_43xx/src/dac_18xx_43xx.o
                                                  out/libs/sapi/src/sapi_dac.o
Chip_DAC_Init                                     out/libs/lpc_chip_43xx/src/dac_18xx_43xx.o
                                                  out/libs/sapi/src/sapi_dac.o
Chip_DAC_SetBias                                  out/libs/lpc_chip_43xx/src/dac_18xx_43xx.o
Chip_DAC_UpdateValue                              out/libs/lpc_chip_43xx/src/dac_18xx_43xx.o
                                                  out/libs/sapi/src/sapi_dac.o
Chip_EEPROM_EraseProgramPage                      out/libs/lpc_chip_43xx/src/eeprom_18xx_43xx.o
Chip_EEPROM_Init                                  out/libs/lpc_chip_43xx/src/eeprom_18xx_43xx.o
Chip_EEPROM_WaitForIntStatus                      out/libs/lpc_chip_43xx/src/eeprom_18xx_43xx.o
Chip_EMC_Dynamic_Enable                           out/libs/lpc_chip_43xx/src/emc_18xx_43xx.o
Chip_EMC_Dynamic_Init                             out/libs/lpc_chip_43xx/src/emc_18xx_43xx.o
Chip_EMC_Enable                                   out/libs/lpc_chip_43xx/src/emc_18xx_43xx.o
Chip_EMC_Init                                     out/libs/lpc_chip_43xx/src/emc_18xx_43xx.o
Chip_EMC_LowPowerMode                             out/libs/lpc_chip_43xx/src/emc_18xx_43xx.o
Chip_EMC_Mirror                                   out/libs/lpc_chip_43xx/src/emc_18xx_43xx.o
Chip_EMC_Static_Init                              out/libs/lpc_chip_43xx/src/emc_18xx_43xx.o
Chip_ENET_DeInit                                  out/libs/lpc_chip_43xx/src/enet_18xx_43xx.o
Chip_ENET_Init                                    out/libs/lpc_chip_43xx/src/enet_18xx_43xx.o
Chip_ENET_SetDuplex                               out/libs/lpc_chip_43xx/src/enet_18xx_43xx.o
Chip_ENET_SetSpeed                                out/libs/lpc_chip_43xx/src/enet_18xx_43xx.o
Chip_ENET_SetupMII                                out/libs/lpc_chip_43xx/src/enet_18xx_43xx.o
Chip_ENET_StartMIIRead                            out/libs/lpc_chip_43xx/src/enet_18xx_43xx.o
Chip_ENET_StartMIIWrite                           out/libs/lpc_chip_43xx/src/enet_18xx_43xx.o
Chip_EVRT_ConfigIntSrcActiveType                  out/libs/lpc_chip_43xx/src/evrt_18xx_43xx.o
Chip_EVRT_Init                                    out/libs/lpc_chip_43xx/src/evrt_18xx_43xx.o
Chip_EVRT_IsSourceInterrupting                    out/libs/lpc_chip_43xx/src/evrt_18xx_43xx.o
Chip_EVRT_SetUpIntSrc                             out/libs/lpc_chip_43xx/src/evrt_18xx_43xx.o
Chip_GPDMA_ChannelCmd                             out/libs/lpc_chip_43xx/src/gpdma_18xx_43xx.o
Chip_GPDMA_ClearIntPending                        out/libs/lpc_chip_43xx/src/gpdma_18xx_43xx.o
Chip_GPDMA_DeInit                                 out/libs/lpc_chip_43xx/src/gpdma_18xx_43xx.o
Chip_GPDMA_GetFreeChannel                         out/libs/lpc_chip_43xx/src/gpdma_18xx_43xx.o
Chip_GPDMA_Init                                   out/libs/lpc_chip_43xx/src/gpdma_18xx_43xx.o
Chip_GPDMA_InitChannelCfg                         out/libs/lpc_chip_43xx/src/gpdma_18xx_43xx.o
Chip_GPDMA_IntGetStatus                           out/libs/lpc_chip_43xx/src/gpdma_18xx_43xx.o
Chip_GPDMA_Interrupt                              out/libs/lpc_chip_43xx/src/gpdma_18xx_43xx.o
Chip_GPDMA_PrepareDescriptor                      out/libs/lpc_chip_43xx/src/gpdma_18xx_43xx.o
Chip_GPDMA_SGTransfer                             out/libs/lpc_chip_43xx/src/gpdma_18xx_43xx.o
Chip_GPDMA_Stop                                   out/libs/lpc_chip_43xx/src/gpdma_18xx_43xx.o
Chip_GPDMA_Transfer                               out/libs/lpc_chip_43xx/src/gpdma_18xx_43xx.o
Chip_GPIO_DeInit                                  out/libs/lpc_chip_43xx/src/gpio_18xx_43xx.o
Chip_GPIO_Init                                    out/libs/lpc_chip_43xx/src/gpio_18xx_43xx.o
                                                  out/libs/sapi/src/sapi_gpio.o
                                                  out/libs/lpc_board_ciaa_edu_4337/src/board.o
Chip_GPIO_SetDir                                  out/libs/lpc_chip_43xx/src/gpio_18xx_43xx.o
                                                  out/libs/sapi/src/sapi_gpio.o
Chip_GPIO_SetPinDIR                               out/libs/lpc_chip_43xx/src/gpio_18xx_43xx.o
Chip_GPIO_SetPortDIR                              out/libs/lpc_chip_43xx/src/gpio_18xx_43xx.o
Chip_GPIO_WriteDirBit                             out/libs/lpc_chip_43xx/src/gpio_18xx_43xx.o
Chip_HSADC_DeInit                                 out/libs/lpc_chip_43xx/src/hsadc_18xx_43xx.o
Chip_HSADC_Init                                   out/libs/lpc_chip_43xx/src/hsadc_18xx_43xx.o
Chip_HSADC_SetACDCBias                            out/libs/lpc_chip_43xx/src/hsadc_18xx_43xx.o
Chip_HSADC_SetPowerSpeed                          out/libs/lpc_chip_43xx/src/hsadc_18xx_43xx.o
Chip_HSADC_SetSpeed                               out/libs/lpc_chip_43xx/src/hsadc_18xx_43xx.o
Chip_HSADC_SetThrHighValue                        out/libs/lpc_chip_43xx/src/hsadc_18xx_43xx.o
Chip_HSADC_SetThrLowValue                         out/libs/lpc_chip_43xx/src/hsadc_18xx_43xx.o
Chip_HSADC_SetupFIFO                              out/libs/lpc_chip_43xx/src/hsadc_18xx_43xx.o
Chip_I2CM_DeInit                                  out/libs/lpc_chip_43xx/src/i2cm_18xx_43xx.o
Chip_I2CM_Init                                    out/libs/lpc_chip_43xx/src/i2cm_18xx_43xx.o
Chip_I2CM_Read                                    out/libs/lpc_chip_43xx/src/i2cm_18xx_43xx.o
Chip_I2CM_SetBusSpeed                             out/libs/lpc_chip_43xx/src/i2cm_18xx_43xx.o
Chip_I2CM_Write                                   out/libs/lpc_chip_43xx/src/i2cm_18xx_43xx.o
Chip_I2CM_Xfer                                    out/libs/lpc_chip_43xx/src/i2cm_18xx_43xx.o
Chip_I2CM_XferBlocking                            out/libs/lpc_chip_43xx/src/i2cm_18xx_43xx.o
                                                  out/libs/sapi/src/sapi_i2c.o
Chip_I2CM_XferHandler                             out/libs/lpc_chip_43xx/src/i2cm_18xx_43xx.o
Chip_I2C_DeInit                                   out/libs/lpc_chip_43xx/src/i2c_18xx_43xx.o
Chip_I2C_Disable                                  out/libs/lpc_chip_43xx/src/i2c_18xx_43xx.o
Chip_I2C_EventHandler                             out/libs/lpc_chip_43xx/src/i2c_18xx_43xx.o
Chip_I2C_EventHandlerPolling                      out/libs/lpc_chip_43xx/src/i2c_18xx_43xx.o
                                                  out/libs/sapi/src/sapi_i2c.o
Chip_I2C_GetClockRate                             out/libs/lpc_chip_43xx/src/i2c_18xx_43xx.o
Chip_I2C_GetMasterEventHandler                    out/libs/lpc_chip_43xx/src/i2c_18xx_43xx.o
Chip_I2C_Init                                     out/libs/lpc_chip_43xx/src/i2c_18xx_43xx.o
                                                  out/libs/sapi/src/sapi_i2c.o
Chip_I2C_IsMasterActive                           out/libs/lpc_chip_43xx/src/i2c_18xx_43xx.o
Chip_I2C_IsStateChanged                           out/libs/lpc_chip_43xx/src/i2c_18xx_43xx.o
Chip_I2C_MasterCmdRead                            out/libs/lpc_chip_43xx/src/i2c_18xx_43xx.o
Chip_I2C_MasterRead                               out/libs/lpc_chip_43xx/src/i2c_18xx_43xx.o
Chip_I2C_MasterSend                               out/libs/lpc_chip_43xx/src/i2c_18xx_43xx.o
Chip_I2C_MasterStateHandler                       out/libs/lpc_chip_43xx/src/i2c_18xx_43xx.o
Chip_I2C_MasterTransfer                           out/libs/lpc_chip_43xx/src/i2c_18xx_43xx.o
Chip_I2C_SetClockRate                             out/libs/lpc_chip_43xx/src/i2c_18xx_43xx.o
                                                  out/libs/sapi/src/sapi_i2c.o
Chip_I2C_SetMasterEventHandler                    out/libs/lpc_chip_43xx/src/i2c_18xx_43xx.o
                                                  out/libs/sapi/src/sapi_i2c.o
Chip_I2C_SlaveSetup                               out/libs/lpc_chip_43xx/src/i2c_18xx_43xx.o
Chip_I2C_SlaveStateHandler                        out/libs/lpc_chip_43xx/src/i2c_18xx_43xx.o
Chip_I2S_DMA_RxCmd                                out/libs/lpc_chip_43xx/src/i2s_18xx_43xx.o
Chip_I2S_DMA_TxCmd                                out/libs/lpc_chip_43xx/src/i2s_18xx_43xx.o
Chip_I2S_DeInit                                   out/libs/lpc_chip_43xx/src/i2s_18xx_43xx.o
Chip_I2S_Init                                     out/libs/lpc_chip_43xx/src/i2s_18xx_43xx.o
Chip_I2S_Int_RxCmd                                out/libs/lpc_chip_43xx/src/i2s_18xx_43xx.o
Chip_I2S_Int_TxCmd                                out/libs/lpc_chip_43xx/src/i2s_18xx_43xx.o
Chip_I2S_RxConfig                                 out/libs/lpc_chip_43xx/src/i2s_18xx_43xx.o
Chip_I2S_TxConfig                                 out/libs/lpc_chip_43xx/src/i2s_18xx_43xx.o
Chip_IAP_BlankCheckSector                         out/libs/lpc_chip_43xx/src/iap_18xx_43xx.o
Chip_IAP_Compare                                  out/libs/lpc_chip_43xx/src/iap_18xx_43xx.o
Chip_IAP_CopyRamToFlash                           out/libs/lpc_chip_43xx/src/iap_18xx_43xx.o
Chip_IAP_ErasePage                                out/libs/lpc_chip_43xx/src/iap_18xx_43xx.o
Chip_IAP_EraseSector                              out/libs/lpc_chip_43xx/src/iap_18xx_43xx.o
Chip_IAP_PreSectorForReadWrite                    out/libs/lpc_chip_43xx/src/iap_18xx_43xx.o
Chip_IAP_ReadBootCode                             out/libs/lpc_chip_43xx/src/iap_18xx_43xx.o
Chip_IAP_ReadPID                                  out/libs/lpc_chip_43xx/src/iap_18xx_43xx.o
Chip_IAP_ReadUID                                  out/libs/lpc_chip_43xx/src/iap_18xx_43xx.o
Chip_IAP_ReinvokeISP                              out/libs/lpc_chip_43xx/src/iap_18xx_43xx.o
Chip_IAP_SetBootFlashBank                         out/libs/lpc_chip_43xx/src/iap_18xx_43xx.o
Chip_LCD_Cursor_Config                            out/libs/lpc_chip_43xx/src/lcd_18xx_43xx.o
Chip_LCD_Cursor_WriteImage                        out/libs/lpc_chip_43xx/src/lcd_18xx_43xx.o
Chip_LCD_DeInit                                   out/libs/lpc_chip_43xx/src/lcd_18xx_43xx.o
Chip_LCD_Init                                     out/libs/lpc_chip_43xx/src/lcd_18xx_43xx.o
Chip_LCD_LoadPalette                              out/libs/lpc_chip_43xx/src/lcd_18xx_43xx.o
Chip_OTP_GenRand                                  out/libs/lpc_chip_43xx/src/otp_18xx_43xx.o
Chip_OTP_Init                                     out/libs/lpc_chip_43xx/src/otp_18xx_43xx.o
Chip_OTP_ProgBootSrc                              out/libs/lpc_chip_43xx/src/otp_18xx_43xx.o
Chip_OTP_ProgGPWord                               out/libs/lpc_chip_43xx/src/otp_18xx_43xx.o
Chip_OTP_ProgJTAGDis                              out/libs/lpc_chip_43xx/src/otp_18xx_43xx.o
Chip_OTP_ProgKey                                  out/libs/lpc_chip_43xx/src/otp_18xx_43xx.o
Chip_OTP_ProgUSBID                                out/libs/lpc_chip_43xx/src/otp_18xx_43xx.o
Chip_PMC_Set_PwrState                             out/libs/lpc_chip_43xx/src/pmc_18xx_43xx.o
Chip_PMC_Sleep                                    out/libs/lpc_chip_43xx/src/pmc_18xx_43xx.o
Chip_RIT_DeInit                                   out/libs/lpc_chip_43xx/src/ritimer_18xx_43xx.o
Chip_RIT_GetIntStatus                             out/libs/lpc_chip_43xx/src/ritimer_18xx_43xx.o
Chip_RIT_Init                                     out/libs/lpc_chip_43xx/src/ritimer_18xx_43xx.o
Chip_RIT_SetTimerInterval                         out/libs/lpc_chip_43xx/src/ritimer_18xx_43xx.o
Chip_RTC_AlarmIntConfig                           out/libs/lpc_chip_43xx/src/rtc_18xx_43xx.o
Chip_RTC_CalibCounterCmd                          out/libs/lpc_chip_43xx/src/rtc_18xx_43xx.o
Chip_RTC_CntIncrIntConfig                         out/libs/lpc_chip_43xx/src/rtc_18xx_43xx.o
Chip_RTC_DeInit                                   out/libs/lpc_chip_43xx/src/rtc_18xx_43xx.o
Chip_RTC_EV_GetFirstTimeStamp                     out/libs/lpc_chip_43xx/src/rtc_18xx_43xx.o
Chip_RTC_EV_GetLastTimeStamp                      out/libs/lpc_chip_43xx/src/rtc_18xx_43xx.o
Chip_RTC_Enable                                   out/libs/lpc_chip_43xx/src/rtc_18xx_43xx.o
                                                  out/libs/sapi/src/sapi_rtc.o
Chip_RTC_GetFullAlarmTime                         out/libs/lpc_chip_43xx/src/rtc_18xx_43xx.o
Chip_RTC_GetFullTime                              out/libs/lpc_chip_43xx/src/rtc_18xx_43xx.o
                                                  out/libs/sapi/src/sapi_rtc.o
Chip_RTC_Init                                     out/libs/lpc_chip_43xx/src/rtc_18xx_43xx.o
                                                  out/libs/sapi/src/sapi_rtc.o
Chip_RTC_ResetClockTickCounter                    out/libs/lpc_chip_43xx/src/rtc_18xx_43xx.o
Chip_RTC_SetFullAlarmTime                         out/libs/lpc_chip_43xx/src/rtc_18xx_43xx.o
Chip_RTC_SetFullTime                              out/libs/lpc_chip_43xx/src/rtc_18xx_43xx.o
                                                  out/libs/sapi/src/sapi_rtc.o
Chip_SCTPWM_SetOutPin                             out/libs/lpc_chip_43xx/src/sct_pwm_18xx_43xx.o
                                                  out/libs/sapi/src/sapi_sct.o
Chip_SCTPWM_SetRate                               out/libs/lpc_chip_43xx/src/sct_pwm_18xx_43xx.o
                                                  out/libs/sapi/src/sapi_sct.o
Chip_SCT_DeInit                                   out/libs/lpc_chip_43xx/src/sct_18xx_43xx.o
Chip_SCT_Init                                     out/libs/lpc_chip_43xx/src/sct_18xx_43xx.o
                                                  out/libs/sapi/src/sapi_sct.o
Chip_SCT_SetClrControl                            out/libs/lpc_chip_43xx/src/sct_18xx_43xx.o
Chip_SCT_SetConflictResolution                    out/libs/lpc_chip_43xx/src/sct_18xx_43xx.o
Chip_SDIF_DeInit                                  out/libs/lpc_chip_43xx/src/sdif_18xx_43xx.o
Chip_SDIF_DmaSetup                                out/libs/lpc_chip_43xx/src/sdif_18xx_43xx.o
                                                  out/libs/lpc_chip_43xx/src/sdmmc_18xx_43xx.o
                                                  out/libs/lpc_chip_43xx/src/sdio_18xx_43xx.o
Chip_SDIF_GetResponse                             out/libs/lpc_chip_43xx/src/sdif_18xx_43xx.o
                                                  out/libs/lpc_chip_43xx/src/sdmmc_18xx_43xx.o
                                                  out/libs/lpc_chip_43xx/src/sdio_18xx_43xx.o
Chip_SDIF_Init                                    out/libs/lpc_chip_43xx/src/sdif_18xx_43xx.o
Chip_SDIF_SendCmd                                 out/libs/lpc_chip_43xx/src/sdif_18xx_43xx.o
                                                  out/libs/lpc_chip_43xx/src/sdmmc_18xx_43xx.o
                                                  out/libs/lpc_chip_43xx/src/sdio_18xx_43xx.o
Chip_SDIF_SetClearIntFifo                         out/libs/lpc_chip_43xx/src/sdif_18xx_43xx.o
                                                  out/libs/lpc_chip_43xx/src/sdmmc_18xx_43xx.o
Chip_SDIF_SetClock                                out/libs/lpc_chip_43xx/src/sdif_18xx_43xx.o
                                                  out/libs/lpc_chip_43xx/src/sdmmc_18xx_43xx.o
                                                  out/libs/lpc_chip_43xx/src/sdio_18xx_43xx.o
Chip_SDMMC_Acquire                                out/libs/lpc_chip_43xx/src/sdmmc_18xx_43xx.o
Chip_SDMMC_GetDeviceBlocks                        out/libs/lpc_chip_43xx/src/sdmmc_18xx_43xx.o
Chip_SDMMC_GetDeviceSize                          out/libs/lpc_chip_43xx/src/sdmmc_18xx_43xx.o
Chip_SDMMC_GetState                               out/libs/lpc_chip_43xx/src/sdmmc_18xx_43xx.o
Chip_SDMMC_ReadBlocks                             out/libs/lpc_chip_43xx/src/sdmmc_18xx_43xx.o
Chip_SDMMC_WriteBlocks                            out/libs/lpc_chip_43xx/src/sdmmc_18xx_43xx.o
Chip_SPI_DeInit                                   out/libs/lpc_chip_43xx/src/spi_18xx_43xx.o
Chip_SPI_Init                                     out/libs/lpc_chip_43xx/src/spi_18xx_43xx.o
Chip_SPI_Int_FlushData                            out/libs/lpc_chip_43xx/src/spi_18xx_43xx.o
Chip_SPI_Int_RWFrames                             out/libs/lpc_chip_43xx/src/spi_18xx_43xx.o
Chip_SPI_Int_RWFrames16Bits                       out/libs/lpc_chip_43xx/src/spi_18xx_43xx.o
Chip_SPI_Int_RWFrames8Bits                        out/libs/lpc_chip_43xx/src/spi_18xx_43xx.o
Chip_SPI_RWFrames_Blocking                        out/libs/lpc_chip_43xx/src/spi_18xx_43xx.o
Chip_SPI_SetBitRate                               out/libs/lpc_chip_43xx/src/spi_18xx_43xx.o
Chip_SSP_DeInit                                   out/libs/lpc_chip_43xx/src/ssp_18xx_43xx.o
Chip_SSP_Init                                     out/libs/lpc_chip_43xx/src/ssp_18xx_43xx.o
Chip_SSP_Int_FlushData                            out/libs/lpc_chip_43xx/src/ssp_18xx_43xx.o
Chip_SSP_Int_RWFrames16Bits                       out/libs/lpc_chip_43xx/src/ssp_18xx_43xx.o
Chip_SSP_Int_RWFrames8Bits                        out/libs/lpc_chip_43xx/src/ssp_18xx_43xx.o
Chip_SSP_RWFrames_Blocking                        out/libs/lpc_chip_43xx/src/ssp_18xx_43xx.o
Chip_SSP_ReadFrames_Blocking                      out/libs/lpc_chip_43xx/src/ssp_18xx_43xx.o
Chip_SSP_SetBitRate                               out/libs/lpc_chip_43xx/src/ssp_18xx_43xx.o
Chip_SSP_SetClockRate                             out/libs/lpc_chip_43xx/src/ssp_18xx_43xx.o
Chip_SSP_SetMaster                                out/libs/lpc_chip_43xx/src/ssp_18xx_43xx.o
Chip_SSP_WriteFrames_Blocking                     out/libs/lpc_chip_43xx/src/ssp_18xx_43xx.o
Chip_SetupCoreClock                               out/libs/lpc_chip_43xx/src/sysinit_18xx_43xx.o
                                                  out/libs/lpc_board_ciaa_edu_4337/src/board_sysinit.o
Chip_SetupIrcClocking                             out/libs/lpc_chip_43xx/src/sysinit_18xx_43xx.o
Chip_SetupXtalClocking                            out/libs/lpc_chip_43xx/src/sysinit_18xx_43xx.o
Chip_SystemInit                                   out/libs/lpc_chip_43xx/src/sysinit_18xx_43xx.o
Chip_TIMER_DeInit                                 out/libs/lpc_chip_43xx/src/timer_18xx_43xx.o
                                                  out/libs/sapi/src/sapi_timer.o
Chip_TIMER_ExtMatchControlSet                     out/libs/lpc_chip_43xx/src/timer_18xx_43xx.o
Chip_TIMER_Init                                   out/libs/lpc_chip_43xx/src/timer_18xx_43xx.o
                                                  out/libs/sapi/src/sapi_timer.o
                                                  out/libs/lpc_chip_43xx/src/stopwatch_18xx_43xx.o
Chip_TIMER_Reset                                  out/libs/lpc_chip_43xx/src/timer_18xx_43xx.o
                                                  out/libs/sapi/src/sapi_timer.o
Chip_UART_ABCmd                                   out/libs/lpc_chip_43xx/src/uart_18xx_43xx.o
Chip_UART_CheckBusy                               out/libs/lpc_chip_43xx/src/uart_18xx_43xx.o
Chip_UART_DeInit                                  out/libs/lpc_chip_43xx/src/uart_18xx_43xx.o
Chip_UART_GetABEOStatus                           out/libs/lpc_chip_43xx/src/uart_18xx_43xx.o
Chip_UART_IRQRBHandler                            out/libs/lpc_chip_43xx/src/uart_18xx_43xx.o
Chip_UART_Init                                    out/libs/lpc_chip_43xx/src/uart_18xx_43xx.o
                                                  out/libs/sapi/src/sapi_uart.o
                                                  out/libs/lpc_board_ciaa_edu_4337/src/board.o
Chip_UART_RXIntHandlerRB                          out/libs/lpc_chip_43xx/src/uart_18xx_43xx.o
Chip_UART_Read                                    out/libs/lpc_chip_43xx/src/uart_18xx_43xx.o
Chip_UART_ReadBlocking                            out/libs/lpc_chip_43xx/src/uart_18xx_43xx.o
Chip_UART_ReadRB                                  out/libs/lpc_chip_43xx/src/uart_18xx_43xx.o
Chip_UART_Send                                    out/libs/lpc_chip_43xx/src/uart_18xx_43xx.o
Chip_UART_SendBlocking                            out/libs/lpc_chip_43xx/src/uart_18xx_43xx.o
Chip_UART_SendRB                                  out/libs/lpc_chip_43xx/src/uart_18xx_43xx.o
Chip_UART_SetBaud                                 out/libs/lpc_chip_43xx/src/uart_18xx_43xx.o
                                                  out/libs/sapi/src/sapi_uart.o
Chip_UART_SetBaudFDR                              out/libs/lpc_chip_43xx/src/uart_18xx_43xx.o
                                                  out/libs/lpc_board_ciaa_edu_4337/src/board.o
Chip_UART_TXIntHandlerRB                          out/libs/lpc_chip_43xx/src/uart_18xx_43xx.o
Chip_USB0_Init                                    out/libs/lpc_chip_43xx/src/chip_18xx_43xx.o
Chip_USB1_Init                                    out/libs/lpc_chip_43xx/src/chip_18xx_43xx.o
Chip_WWDT_ClearStatusFlag                         out/libs/lpc_chip_43xx/src/wwdt_18xx_43xx.o
Chip_WWDT_DeInit                                  out/libs/lpc_chip_43xx/src/wwdt_18xx_43xx.o
Chip_WWDT_Init                                    out/libs/lpc_chip_43xx/src/wwdt_18xx_43xx.o
DAC_IRQHandler                                    out/libs/lpc_board_ciaa_edu_4337/src/cr_startup_lpc43xx.o
DMA_IRQHandler                                    out/libs/lpc_board_ciaa_edu_4337/src/cr_startup_lpc43xx.o
DebugMon_Handler                                  out/libs/lpc_board_ciaa_edu_4337/src/cr_startup_lpc43xx.o
ETH_IRQHandler                                    out/libs/lpc_board_ciaa_edu_4337/src/cr_startup_lpc43xx.o
EVRT_IRQHandler                                   out/libs/lpc_board_ciaa_edu_4337/src/cr_startup_lpc43xx.o
ExtRateIn                                         out/libs/lpc_board_ciaa_edu_4337/src/board.o
                                                  out/libs/lpc_chip_43xx/src/clock_18xx_43xx.o
FLASH_EEPROM_IRQHandler                           out/libs/lpc_board_ciaa_edu_4337/src/cr_startup_lpc43xx.o
GINT0_IRQHandler                                  out/libs/lpc_board_ciaa_edu_4337/src/cr_startup_lpc43xx.o
GINT1_IRQHandler                                  out/libs/lpc_board_ciaa_edu_4337/src/cr_startup_lpc43xx.o
GPIO0_IRQHandler                                  out/libs/lpc_board_ciaa_edu_4337/src/cr_startup_lpc43xx.o
GPIO1_IRQHandler                                  out/libs/lpc_board_ciaa_edu_4337/src/cr_startup_lpc43xx.o
GPIO2_IRQHandler                                  out/libs/lpc_board_ciaa_edu_4337/src/cr_startup_lpc43xx.o
GPIO3_IRQHandler                                  out/libs/lpc_board_ciaa_edu_4337/src/cr_startup_lpc43xx.o
GPIO4_IRQHandler                                  out/libs/lpc_board_ciaa_edu_4337/src/cr_startup_lpc43xx.o
GPIO5_IRQHandler                                  out/libs/lpc_board_ciaa_edu_4337/src/cr_startup_lpc43xx.o
GPIO6_IRQHandler                                  out/libs/lpc_board_ciaa_edu_4337/src/cr_startup_lpc43xx.o
GPIO7_IRQHandler                                  out/libs/lpc_board_ciaa_edu_4337/src/cr_startup_lpc43xx.o
HardFault_Handler                                 out/libs/lpc_board_ciaa_edu_4337/src/cr_startup_lpc43xx.o
I2C0_IRQHandler                                   out/libs/lpc_board_ciaa_edu_4337/src/cr_startup_lpc43xx.o
I2C1_IRQHandler                                   out/libs/lpc_board_ciaa_edu_4337/src/cr_startup_lpc43xx.o
I2S0_IRQHandler                                   out/libs/lpc_board_ciaa_edu_4337/src/cr_startup_lpc43xx.o
I2S1_IRQHandler                                   out/libs/lpc_board_ciaa_edu_4337/src/cr_startup_lpc43xx.o
IntDefaultHandler                                 out/libs/lpc_board_ciaa_edu_4337/src/cr_startup_lpc43xx.o
LCD_IRQHandler                                    out/libs/lpc_board_ciaa_edu_4337/src/cr_startup_lpc43xx.o
M0APP_IRQHandler                                  out/libs/lpc_board_ciaa_edu_4337/src/cr_startup_lpc43xx.o
M0SUB_IRQHandler                                  out/libs/lpc_board_ciaa_edu_4337/src/cr_startup_lpc43xx.o
MCPWM_IRQHandler                                  out/libs/lpc_board_ciaa_edu_4337/src/cr_startup_lpc43xx.o
MemManage_Handler                                 out/libs/lpc_board_ciaa_edu_4337/src/cr_startup_lpc43xx.o
NMI_Handler                                       out/libs/lpc_board_ciaa_edu_4337/src/cr_startup_lpc43xx.o
OscRateIn                                         out/libs/lpc_board_ciaa_edu_4337/src/board.o
                                                  out/libs/lpc_chip_43xx/src/clock_18xx_43xx.o
PendSV_Handler                                    out/libs/lpc_board_ciaa_edu_4337/src/cr_startup_lpc43xx.o
QEI_IRQHandler                                    out/libs/lpc_board_ciaa_edu_4337/src/cr_startup_lpc43xx.o
RIT_IRQHandler                                    out/libs/lpc_board_ciaa_edu_4337/src/cr_startup_lpc43xx.o
RTC_IRQHandler                                    out/libs/lpc_board_ciaa_edu_4337/src/cr_startup_lpc43xx.o
ResetISR                                          out/libs/lpc_board_ciaa_edu_4337/src/cr_startup_lpc43xx.o
RingBuffer_Init                                   out/libs/lpc_chip_43xx/src/ring_buffer.o
RingBuffer_Insert                                 out/libs/lpc_chip_43xx/src/ring_buffer.o
                                                  out/libs/lpc_chip_43xx/src/uart_18xx_43xx.o
RingBuffer_InsertMult                             out/libs/lpc_chip_43xx/src/ring_buffer.o